Archive member included because of file (symbol)

/usr/lib/gcc/avr/4.5.3/avr51/libgcc.a(_exit.o)
                              /usr/lib/gcc/avr/4.5.3/../../../avr/lib/avr51/crtusb1286.o (exit)
/usr/lib/gcc/avr/4.5.3/avr51/libgcc.a(_copy_data.o)
                              DualVirtualSerial.o (__do_copy_data)
/usr/lib/gcc/avr/4.5.3/avr51/libgcc.a(_clear_bss.o)
                              DualVirtualSerial.o (__do_clear_bss)
/usr/lib/gcc/avr/4.5.3/../../../avr/lib/avr51/libc.a(memcpy_P.o)
                              ../../../../LUFA/Drivers/USB/Class/Device/RNDISClassDevice.o (memcpy_P)
/usr/lib/gcc/avr/4.5.3/../../../avr/lib/avr51/libc.a(memcmp.o)
                              ../../../../LUFA/Drivers/USB/Class/Device/HIDClassDevice.o (memcmp)
/usr/lib/gcc/avr/4.5.3/../../../avr/lib/avr51/libc.a(memcpy.o)
                              ../../../../LUFA/Drivers/USB/Class/Device/HIDClassDevice.o (memcpy)
/usr/lib/gcc/avr/4.5.3/../../../avr/lib/avr51/libc.a(memset.o)
                              ../../../../LUFA/Drivers/USB/Class/Device/HIDClassDevice.o (memset)
/usr/lib/gcc/avr/4.5.3/../../../avr/lib/avr51/libc.a(eerd_byte_at90usb1287.o)
                              ../../../../LUFA/Drivers/USB/Core/AVR8/EndpointStream_AVR8.o (__eerd_byte_usb1287)
/usr/lib/gcc/avr/4.5.3/../../../avr/lib/avr51/libc.a(eeupd_byte_at90usb1287.o)
                              ../../../../LUFA/Drivers/USB/Core/AVR8/EndpointStream_AVR8.o (__eeupd_byte_usb1287)

Allocating common symbols
Common symbol       size              file

USB_IsInitialized   0x1               ../../../../LUFA/Drivers/USB/Core/USBTask.o
USB_DeviceState     0x1               ../../../../LUFA/Drivers/USB/Core/USBTask.o
USB_Device_ConfigurationNumber
                    0x1               ../../../../LUFA/Drivers/USB/Core/DeviceStandardReq.o
USB_Device_CurrentlySelfPowered
                    0x1               ../../../../LUFA/Drivers/USB/Core/DeviceStandardReq.o
USB_ControlRequest  0x8               ../../../../LUFA/Drivers/USB/Core/USBTask.o
USB_Device_RemoteWakeupEnabled
                    0x1               ../../../../LUFA/Drivers/USB/Core/DeviceStandardReq.o

Discarded input sections

 .data          0x00000000        0x0 /usr/lib/gcc/avr/4.5.3/../../../avr/lib/avr51/crtusb1286.o
 .bss           0x00000000        0x0 /usr/lib/gcc/avr/4.5.3/../../../avr/lib/avr51/crtusb1286.o
 .text          0x00000000        0x0 DualVirtualSerial.o
 .text          0x00000000        0x0 Descriptors.o
 .data          0x00000000        0x0 Descriptors.o
 .bss           0x00000000        0x0 Descriptors.o
 .text          0x00000000        0x0 ../../../../LUFA/Drivers/USB/Class/Common/HIDParser.o
 .data          0x00000000        0x0 ../../../../LUFA/Drivers/USB/Class/Common/HIDParser.o
 .bss           0x00000000        0x0 ../../../../LUFA/Drivers/USB/Class/Common/HIDParser.o
 .text.USB_ProcessHIDReport
                0x00000000      0x816 ../../../../LUFA/Drivers/USB/Class/Common/HIDParser.o
 .text.USB_GetHIDReportItemInfo
                0x00000000       0xbc ../../../../LUFA/Drivers/USB/Class/Common/HIDParser.o
 .text.USB_SetHIDReportItemInfo
                0x00000000       0xc8 ../../../../LUFA/Drivers/USB/Class/Common/HIDParser.o
 .text.USB_GetHIDReportSize
                0x00000000       0x58 ../../../../LUFA/Drivers/USB/Class/Common/HIDParser.o
 .text          0x00000000        0x0 ../../../../LUFA/Drivers/USB/Core/AVR8/Device_AVR8.o
 .data          0x00000000        0x0 ../../../../LUFA/Drivers/USB/Core/AVR8/Device_AVR8.o
 .bss           0x00000000        0x0 ../../../../LUFA/Drivers/USB/Core/AVR8/Device_AVR8.o
 .text.USB_Device_SendRemoteWakeup
                0x00000000       0x2c ../../../../LUFA/Drivers/USB/Core/AVR8/Device_AVR8.o
 .text          0x00000000        0x0 ../../../../LUFA/Drivers/USB/Core/AVR8/EndpointStream_AVR8.o
 .data          0x00000000        0x0 ../../../../LUFA/Drivers/USB/Core/AVR8/EndpointStream_AVR8.o
 .bss           0x00000000        0x0 ../../../../LUFA/Drivers/USB/Core/AVR8/EndpointStream_AVR8.o
 .text.Endpoint_Discard_Stream
                0x00000000       0x8e ../../../../LUFA/Drivers/USB/Core/AVR8/EndpointStream_AVR8.o
 .text.Endpoint_Null_Stream
                0x00000000       0x8e ../../../../LUFA/Drivers/USB/Core/AVR8/EndpointStream_AVR8.o
 .text.Endpoint_Write_Stream_BE
                0x00000000       0xae ../../../../LUFA/Drivers/USB/Core/AVR8/EndpointStream_AVR8.o
 .text.Endpoint_Read_Stream_LE
                0x00000000       0xbe ../../../../LUFA/Drivers/USB/Core/AVR8/EndpointStream_AVR8.o
 .text.Endpoint_Read_Stream_BE
                0x00000000       0xae ../../../../LUFA/Drivers/USB/Core/AVR8/EndpointStream_AVR8.o
 .text.Endpoint_Write_PStream_LE
                0x00000000       0xc2 ../../../../LUFA/Drivers/USB/Core/AVR8/EndpointStream_AVR8.o
 .text.Endpoint_Write_PStream_BE
                0x00000000       0xae ../../../../LUFA/Drivers/USB/Core/AVR8/EndpointStream_AVR8.o
 .text.Endpoint_Write_EStream_LE
                0x00000000       0xc4 ../../../../LUFA/Drivers/USB/Core/AVR8/EndpointStream_AVR8.o
 .text.Endpoint_Write_EStream_BE
                0x00000000       0xb0 ../../../../LUFA/Drivers/USB/Core/AVR8/EndpointStream_AVR8.o
 .text.Endpoint_Read_EStream_LE
                0x00000000       0xc2 ../../../../LUFA/Drivers/USB/Core/AVR8/EndpointStream_AVR8.o
 .text.Endpoint_Read_EStream_BE
                0x00000000       0xb2 ../../../../LUFA/Drivers/USB/Core/AVR8/EndpointStream_AVR8.o
 .text.Endpoint_Write_Control_Stream_BE
                0x00000000       0xc0 ../../../../LUFA/Drivers/USB/Core/AVR8/EndpointStream_AVR8.o
 .text.Endpoint_Read_Control_Stream_LE
                0x00000000       0x82 ../../../../LUFA/Drivers/USB/Core/AVR8/EndpointStream_AVR8.o
 .text.Endpoint_Read_Control_Stream_BE
                0x00000000       0x82 ../../../../LUFA/Drivers/USB/Core/AVR8/EndpointStream_AVR8.o
 .text.Endpoint_Write_Control_PStream_BE
                0x00000000       0xc0 ../../../../LUFA/Drivers/USB/Core/AVR8/EndpointStream_AVR8.o
 .text.Endpoint_Write_Control_EStream_LE
                0x00000000       0xd6 ../../../../LUFA/Drivers/USB/Core/AVR8/EndpointStream_AVR8.o
 .text.Endpoint_Write_Control_EStream_BE
                0x00000000       0xe0 ../../../../LUFA/Drivers/USB/Core/AVR8/EndpointStream_AVR8.o
 .text.Endpoint_Read_Control_EStream_LE
                0x00000000       0x8c ../../../../LUFA/Drivers/USB/Core/AVR8/EndpointStream_AVR8.o
 .text.Endpoint_Read_Control_EStream_BE
                0x00000000       0x92 ../../../../LUFA/Drivers/USB/Core/AVR8/EndpointStream_AVR8.o
 .text          0x00000000        0x0 ../../../../LUFA/Drivers/USB/Core/AVR8/Endpoint_AVR8.o
 .data          0x00000000        0x0 ../../../../LUFA/Drivers/USB/Core/AVR8/Endpoint_AVR8.o
 .bss           0x00000000        0x0 ../../../../LUFA/Drivers/USB/Core/AVR8/Endpoint_AVR8.o
 .text.Endpoint_ClearEndpoints
                0x00000000       0x2c ../../../../LUFA/Drivers/USB/Core/AVR8/Endpoint_AVR8.o
 .text          0x00000000        0x0 ../../../../LUFA/Drivers/USB/Core/AVR8/Host_AVR8.o
 .data          0x00000000        0x0 ../../../../LUFA/Drivers/USB/Core/AVR8/Host_AVR8.o
 .bss           0x00000000        0x0 ../../../../LUFA/Drivers/USB/Core/AVR8/Host_AVR8.o
 .text          0x00000000        0x0 ../../../../LUFA/Drivers/USB/Core/AVR8/PipeStream_AVR8.o
 .data          0x00000000        0x0 ../../../../LUFA/Drivers/USB/Core/AVR8/PipeStream_AVR8.o
 .bss           0x00000000        0x0 ../../../../LUFA/Drivers/USB/Core/AVR8/PipeStream_AVR8.o
 .text          0x00000000        0x0 ../../../../LUFA/Drivers/USB/Core/AVR8/Pipe_AVR8.o
 .data          0x00000000        0x0 ../../../../LUFA/Drivers/USB/Core/AVR8/Pipe_AVR8.o
 .bss           0x00000000        0x0 ../../../../LUFA/Drivers/USB/Core/AVR8/Pipe_AVR8.o
 .text          0x00000000        0x0 ../../../../LUFA/Drivers/USB/Core/AVR8/USBController_AVR8.o
 .data          0x00000000        0x0 ../../../../LUFA/Drivers/USB/Core/AVR8/USBController_AVR8.o
 .bss           0x00000000        0x0 ../../../../LUFA/Drivers/USB/Core/AVR8/USBController_AVR8.o
 .text.USB_Disable
                0x00000000       0x34 ../../../../LUFA/Drivers/USB/Core/AVR8/USBController_AVR8.o
 .text          0x00000000        0x0 ../../../../LUFA/Drivers/USB/Core/AVR8/USBInterrupt_AVR8.o
 .data          0x00000000        0x0 ../../../../LUFA/Drivers/USB/Core/AVR8/USBInterrupt_AVR8.o
 .bss           0x00000000        0x0 ../../../../LUFA/Drivers/USB/Core/AVR8/USBInterrupt_AVR8.o
 .text          0x00000000        0x0 ../../../../LUFA/Drivers/USB/Core/ConfigDescriptors.o
 .data          0x00000000        0x0 ../../../../LUFA/Drivers/USB/Core/ConfigDescriptors.o
 .bss           0x00000000        0x0 ../../../../LUFA/Drivers/USB/Core/ConfigDescriptors.o
 .text.USB_GetNextDescriptorOfType
                0x00000000       0x4c ../../../../LUFA/Drivers/USB/Core/ConfigDescriptors.o
 .text.USB_GetNextDescriptorOfTypeBefore
                0x00000000       0x56 ../../../../LUFA/Drivers/USB/Core/ConfigDescriptors.o
 .text.USB_GetNextDescriptorOfTypeAfter
                0x00000000       0x34 ../../../../LUFA/Drivers/USB/Core/ConfigDescriptors.o
 .text.USB_GetNextDescriptorComp
                0x00000000       0x86 ../../../../LUFA/Drivers/USB/Core/ConfigDescriptors.o
 .text          0x00000000        0x0 ../../../../LUFA/Drivers/USB/Core/DeviceStandardReq.o
 .data          0x00000000        0x0 ../../../../LUFA/Drivers/USB/Core/DeviceStandardReq.o
 .bss           0x00000000        0x0 ../../../../LUFA/Drivers/USB/Core/DeviceStandardReq.o
 .text          0x00000000        0x0 ../../../../LUFA/Drivers/USB/Core/Events.o
 .data          0x00000000        0x0 ../../../../LUFA/Drivers/USB/Core/Events.o
 .bss           0x00000000        0x0 ../../../../LUFA/Drivers/USB/Core/Events.o
 .text          0x00000000        0x0 ../../../../LUFA/Drivers/USB/Core/HostStandardReq.o
 .data          0x00000000        0x0 ../../../../LUFA/Drivers/USB/Core/HostStandardReq.o
 .bss           0x00000000        0x0 ../../../../LUFA/Drivers/USB/Core/HostStandardReq.o
 .text          0x00000000        0x0 ../../../../LUFA/Drivers/USB/Core/USBTask.o
 .data          0x00000000        0x0 ../../../../LUFA/Drivers/USB/Core/USBTask.o
 .bss           0x00000000        0x0 ../../../../LUFA/Drivers/USB/Core/USBTask.o
 .text          0x00000000        0x0 ../../../../LUFA/Drivers/USB/Class/Device/AudioClassDevice.o
 .data          0x00000000        0x0 ../../../../LUFA/Drivers/USB/Class/Device/AudioClassDevice.o
 .bss           0x00000000        0x0 ../../../../LUFA/Drivers/USB/Class/Device/AudioClassDevice.o
 .text.Audio_Device_ProcessControlRequest
                0x00000000      0x316 ../../../../LUFA/Drivers/USB/Class/Device/AudioClassDevice.o
 .text.Audio_Device_ConfigureEndpoints
                0x00000000       0x30 ../../../../LUFA/Drivers/USB/Class/Device/AudioClassDevice.o
 .text.Audio_Device_Event_Stub
                0x00000000        0x2 ../../../../LUFA/Drivers/USB/Class/Device/AudioClassDevice.o
 .text          0x00000000        0x0 ../../../../LUFA/Drivers/USB/Class/Device/CDCClassDevice.o
 .data          0x00000000        0x8 ../../../../LUFA/Drivers/USB/Class/Device/CDCClassDevice.o
 .bss           0x00000000        0x0 ../../../../LUFA/Drivers/USB/Class/Device/CDCClassDevice.o
 .text.CDC_Device_SendData
                0x00000000       0x3a ../../../../LUFA/Drivers/USB/Class/Device/CDCClassDevice.o
 .text.CDC_Device_putchar
                0x00000000       0x20 ../../../../LUFA/Drivers/USB/Class/Device/CDCClassDevice.o
 .text.CDC_Device_BytesReceived
                0x00000000       0x56 ../../../../LUFA/Drivers/USB/Class/Device/CDCClassDevice.o
 .text.CDC_Device_getchar_Blocking
                0x00000000       0x38 ../../../../LUFA/Drivers/USB/Class/Device/CDCClassDevice.o
 .text.CDC_Device_getchar
                0x00000000       0x18 ../../../../LUFA/Drivers/USB/Class/Device/CDCClassDevice.o
 .text.CDC_Device_SendControlLineStateChange
                0x00000000       0x8e ../../../../LUFA/Drivers/USB/Class/Device/CDCClassDevice.o
 .text.CDC_Device_CreateStream
                0x00000000       0x26 ../../../../LUFA/Drivers/USB/Class/Device/CDCClassDevice.o
 .text.CDC_Device_CreateBlockingStream
                0x00000000       0x26 ../../../../LUFA/Drivers/USB/Class/Device/CDCClassDevice.o
 .text          0x00000000        0x0 ../../../../LUFA/Drivers/USB/Class/Device/HIDClassDevice.o
 .data          0x00000000        0x0 ../../../../LUFA/Drivers/USB/Class/Device/HIDClassDevice.o
 .bss           0x00000000        0x0 ../../../../LUFA/Drivers/USB/Class/Device/HIDClassDevice.o
 .text.HID_Device_ProcessControlRequest
                0x00000000      0x28c ../../../../LUFA/Drivers/USB/Class/Device/HIDClassDevice.o
 .text.HID_Device_ConfigureEndpoints
                0x00000000       0x34 ../../../../LUFA/Drivers/USB/Class/Device/HIDClassDevice.o
 .text.HID_Device_USBTask
                0x00000000      0x1a2 ../../../../LUFA/Drivers/USB/Class/Device/HIDClassDevice.o
 .text          0x00000000        0x0 ../../../../LUFA/Drivers/USB/Class/Device/MassStorageClassDevice.o
 .data          0x00000000        0x0 ../../../../LUFA/Drivers/USB/Class/Device/MassStorageClassDevice.o
 .bss           0x00000000        0x0 ../../../../LUFA/Drivers/USB/Class/Device/MassStorageClassDevice.o
 .text.MS_Device_ProcessControlRequest
                0x00000000       0x7e ../../../../LUFA/Drivers/USB/Class/Device/MassStorageClassDevice.o
 .text.MS_Device_ConfigureEndpoints
                0x00000000       0x3c ../../../../LUFA/Drivers/USB/Class/Device/MassStorageClassDevice.o
 .text.MS_Device_USBTask
                0x00000000      0x268 ../../../../LUFA/Drivers/USB/Class/Device/MassStorageClassDevice.o
 .text          0x00000000        0x0 ../../../../LUFA/Drivers/USB/Class/Device/MIDIClassDevice.o
 .data          0x00000000        0x0 ../../../../LUFA/Drivers/USB/Class/Device/MIDIClassDevice.o
 .bss           0x00000000        0x0 ../../../../LUFA/Drivers/USB/Class/Device/MIDIClassDevice.o
 .text.MIDI_Device_ConfigureEndpoints
                0x00000000       0x30 ../../../../LUFA/Drivers/USB/Class/Device/MIDIClassDevice.o
 .text.MIDI_Device_SendEventPacket
                0x00000000       0x3c ../../../../LUFA/Drivers/USB/Class/Device/MIDIClassDevice.o
 .text.MIDI_Device_Flush
                0x00000000       0x36 ../../../../LUFA/Drivers/USB/Class/Device/MIDIClassDevice.o
 .text.MIDI_Device_USBTask
                0x00000000       0x20 ../../../../LUFA/Drivers/USB/Class/Device/MIDIClassDevice.o
 .text.MIDI_Device_ReceiveEventPacket
                0x00000000       0x46 ../../../../LUFA/Drivers/USB/Class/Device/MIDIClassDevice.o
 .text          0x00000000        0x0 ../../../../LUFA/Drivers/USB/Class/Device/RNDISClassDevice.o
 .data          0x00000000        0x8 ../../../../LUFA/Drivers/USB/Class/Device/RNDISClassDevice.o
 .bss           0x00000000        0x0 ../../../../LUFA/Drivers/USB/Class/Device/RNDISClassDevice.o
 .text.RNDIS_Device_ProcessControlRequest
                0x00000000      0x5bc ../../../../LUFA/Drivers/USB/Class/Device/RNDISClassDevice.o
 .text.RNDIS_Device_ConfigureEndpoints
                0x00000000       0x4e ../../../../LUFA/Drivers/USB/Class/Device/RNDISClassDevice.o
 .text.RNDIS_Device_USBTask
                0x00000000       0x88 ../../../../LUFA/Drivers/USB/Class/Device/RNDISClassDevice.o
 .text.RNDIS_Device_IsPacketReceived
                0x00000000       0x30 ../../../../LUFA/Drivers/USB/Class/Device/RNDISClassDevice.o
 .text.RNDIS_Device_ReadPacket
                0x00000000       0xc0 ../../../../LUFA/Drivers/USB/Class/Device/RNDISClassDevice.o
 .text.RNDIS_Device_SendPacket
                0x00000000       0xe0 ../../../../LUFA/Drivers/USB/Class/Device/RNDISClassDevice.o
 .progmem.data  0x00000000       0x6c ../../../../LUFA/Drivers/USB/Class/Device/RNDISClassDevice.o
 .text          0x00000000        0x0 ../../../../LUFA/Drivers/USB/Class/Host/AndroidAccessoryClassHost.o
 .data          0x00000000        0x0 ../../../../LUFA/Drivers/USB/Class/Host/AndroidAccessoryClassHost.o
 .bss           0x00000000        0x0 ../../../../LUFA/Drivers/USB/Class/Host/AndroidAccessoryClassHost.o
 .text          0x00000000        0x0 ../../../../LUFA/Drivers/USB/Class/Host/AudioClassHost.o
 .data          0x00000000        0x0 ../../../../LUFA/Drivers/USB/Class/Host/AudioClassHost.o
 .bss           0x00000000        0x0 ../../../../LUFA/Drivers/USB/Class/Host/AudioClassHost.o
 .text          0x00000000        0x0 ../../../../LUFA/Drivers/USB/Class/Host/CDCClassHost.o
 .data          0x00000000        0x0 ../../../../LUFA/Drivers/USB/Class/Host/CDCClassHost.o
 .bss           0x00000000        0x0 ../../../../LUFA/Drivers/USB/Class/Host/CDCClassHost.o
 .text          0x00000000        0x0 ../../../../LUFA/Drivers/USB/Class/Host/HIDClassHost.o
 .data          0x00000000        0x0 ../../../../LUFA/Drivers/USB/Class/Host/HIDClassHost.o
 .bss           0x00000000        0x0 ../../../../LUFA/Drivers/USB/Class/Host/HIDClassHost.o
 .text          0x00000000        0x0 ../../../../LUFA/Drivers/USB/Class/Host/MassStorageClassHost.o
 .data          0x00000000        0x0 ../../../../LUFA/Drivers/USB/Class/Host/MassStorageClassHost.o
 .bss           0x00000000        0x0 ../../../../LUFA/Drivers/USB/Class/Host/MassStorageClassHost.o
 .text          0x00000000        0x0 ../../../../LUFA/Drivers/USB/Class/Host/MIDIClassHost.o
 .data          0x00000000        0x0 ../../../../LUFA/Drivers/USB/Class/Host/MIDIClassHost.o
 .bss           0x00000000        0x0 ../../../../LUFA/Drivers/USB/Class/Host/MIDIClassHost.o
 .text          0x00000000        0x0 ../../../../LUFA/Drivers/USB/Class/Host/PrinterClassHost.o
 .data          0x00000000        0x0 ../../../../LUFA/Drivers/USB/Class/Host/PrinterClassHost.o
 .bss           0x00000000        0x0 ../../../../LUFA/Drivers/USB/Class/Host/PrinterClassHost.o
 .text          0x00000000        0x0 ../../../../LUFA/Drivers/USB/Class/Host/RNDISClassHost.o
 .data          0x00000000        0x0 ../../../../LUFA/Drivers/USB/Class/Host/RNDISClassHost.o
 .bss           0x00000000        0x0 ../../../../LUFA/Drivers/USB/Class/Host/RNDISClassHost.o
 .text          0x00000000        0x0 ../../../../LUFA/Drivers/USB/Class/Host/StillImageClassHost.o
 .data          0x00000000        0x0 ../../../../LUFA/Drivers/USB/Class/Host/StillImageClassHost.o
 .bss           0x00000000        0x0 ../../../../LUFA/Drivers/USB/Class/Host/StillImageClassHost.o
 .text          0x00000000        0x0 /usr/lib/gcc/avr/4.5.3/avr51/libgcc.a(_exit.o)
 .data          0x00000000        0x0 /usr/lib/gcc/avr/4.5.3/avr51/libgcc.a(_exit.o)
 .bss           0x00000000        0x0 /usr/lib/gcc/avr/4.5.3/avr51/libgcc.a(_exit.o)
 .text.libgcc   0x00000000        0x0 /usr/lib/gcc/avr/4.5.3/avr51/libgcc.a(_exit.o)
 .text          0x00000000        0x0 /usr/lib/gcc/avr/4.5.3/avr51/libgcc.a(_copy_data.o)
 .data          0x00000000        0x0 /usr/lib/gcc/avr/4.5.3/avr51/libgcc.a(_copy_data.o)
 .bss           0x00000000        0x0 /usr/lib/gcc/avr/4.5.3/avr51/libgcc.a(_copy_data.o)
 .text.libgcc   0x00000000        0x0 /usr/lib/gcc/avr/4.5.3/avr51/libgcc.a(_copy_data.o)
 .text          0x00000000        0x0 /usr/lib/gcc/avr/4.5.3/avr51/libgcc.a(_clear_bss.o)
 .data          0x00000000        0x0 /usr/lib/gcc/avr/4.5.3/avr51/libgcc.a(_clear_bss.o)
 .bss           0x00000000        0x0 /usr/lib/gcc/avr/4.5.3/avr51/libgcc.a(_clear_bss.o)
 .text.libgcc   0x00000000        0x0 /usr/lib/gcc/avr/4.5.3/avr51/libgcc.a(_clear_bss.o)
 .text          0x00000000        0x0 /usr/lib/gcc/avr/4.5.3/../../../avr/lib/avr51/libc.a(memcpy_P.o)
 .data          0x00000000        0x0 /usr/lib/gcc/avr/4.5.3/../../../avr/lib/avr51/libc.a(memcpy_P.o)
 .bss           0x00000000        0x0 /usr/lib/gcc/avr/4.5.3/../../../avr/lib/avr51/libc.a(memcpy_P.o)
 .text.avr-libc
                0x00000000       0x12 /usr/lib/gcc/avr/4.5.3/../../../avr/lib/avr51/libc.a(memcpy_P.o)
 .text          0x00000000        0x0 /usr/lib/gcc/avr/4.5.3/../../../avr/lib/avr51/libc.a(memcmp.o)
 .data          0x00000000        0x0 /usr/lib/gcc/avr/4.5.3/../../../avr/lib/avr51/libc.a(memcmp.o)
 .bss           0x00000000        0x0 /usr/lib/gcc/avr/4.5.3/../../../avr/lib/avr51/libc.a(memcmp.o)
 .text.avr-libc
                0x00000000       0x1a /usr/lib/gcc/avr/4.5.3/../../../avr/lib/avr51/libc.a(memcmp.o)
 .text          0x00000000        0x0 /usr/lib/gcc/avr/4.5.3/../../../avr/lib/avr51/libc.a(memcpy.o)
 .data          0x00000000        0x0 /usr/lib/gcc/avr/4.5.3/../../../avr/lib/avr51/libc.a(memcpy.o)
 .bss           0x00000000        0x0 /usr/lib/gcc/avr/4.5.3/../../../avr/lib/avr51/libc.a(memcpy.o)
 .text.avr-libc
                0x00000000       0x12 /usr/lib/gcc/avr/4.5.3/../../../avr/lib/avr51/libc.a(memcpy.o)
 .text          0x00000000        0x0 /usr/lib/gcc/avr/4.5.3/../../../avr/lib/avr51/libc.a(memset.o)
 .data          0x00000000        0x0 /usr/lib/gcc/avr/4.5.3/../../../avr/lib/avr51/libc.a(memset.o)
 .bss           0x00000000        0x0 /usr/lib/gcc/avr/4.5.3/../../../avr/lib/avr51/libc.a(memset.o)
 .text.avr-libc
                0x00000000        0xe /usr/lib/gcc/avr/4.5.3/../../../avr/lib/avr51/libc.a(memset.o)
 .text          0x00000000        0x0 /usr/lib/gcc/avr/4.5.3/../../../avr/lib/avr51/libc.a(eerd_byte_at90usb1287.o)
 .data          0x00000000        0x0 /usr/lib/gcc/avr/4.5.3/../../../avr/lib/avr51/libc.a(eerd_byte_at90usb1287.o)
 .bss           0x00000000        0x0 /usr/lib/gcc/avr/4.5.3/../../../avr/lib/avr51/libc.a(eerd_byte_at90usb1287.o)
 .text.avr-libc
                0x00000000       0x10 /usr/lib/gcc/avr/4.5.3/../../../avr/lib/avr51/libc.a(eerd_byte_at90usb1287.o)
 .text          0x00000000        0x0 /usr/lib/gcc/avr/4.5.3/../../../avr/lib/avr51/libc.a(eeupd_byte_at90usb1287.o)
 .data          0x00000000        0x0 /usr/lib/gcc/avr/4.5.3/../../../avr/lib/avr51/libc.a(eeupd_byte_at90usb1287.o)
 .bss           0x00000000        0x0 /usr/lib/gcc/avr/4.5.3/../../../avr/lib/avr51/libc.a(eeupd_byte_at90usb1287.o)
 .text.avr-libc
                0x00000000       0x24 /usr/lib/gcc/avr/4.5.3/../../../avr/lib/avr51/libc.a(eeupd_byte_at90usb1287.o)

Memory Configuration

Name             Origin             Length             Attributes
text             0x00000000         0x00020000         xr
data             0x00800100         0x0000ff00         rw !x
eeprom           0x00810000         0x00010000         rw !x
fuse             0x00820000         0x00000400         rw !x
lock             0x00830000         0x00000400         rw !x
signature        0x00840000         0x00000400         rw !x
*default*        0x00000000         0xffffffff

Linker script and memory map

Address of section .data set to 0x800100
LOAD /usr/lib/gcc/avr/4.5.3/../../../avr/lib/avr51/crtusb1286.o
LOAD DualVirtualSerial.o
LOAD Descriptors.o
LOAD ../../../../LUFA/Drivers/USB/Class/Common/HIDParser.o
LOAD ../../../../LUFA/Drivers/USB/Core/AVR8/Device_AVR8.o
LOAD ../../../../LUFA/Drivers/USB/Core/AVR8/EndpointStream_AVR8.o
LOAD ../../../../LUFA/Drivers/USB/Core/AVR8/Endpoint_AVR8.o
LOAD ../../../../LUFA/Drivers/USB/Core/AVR8/Host_AVR8.o
LOAD ../../../../LUFA/Drivers/USB/Core/AVR8/PipeStream_AVR8.o
LOAD ../../../../LUFA/Drivers/USB/Core/AVR8/Pipe_AVR8.o
LOAD ../../../../LUFA/Drivers/USB/Core/AVR8/USBController_AVR8.o
LOAD ../../../../LUFA/Drivers/USB/Core/AVR8/USBInterrupt_AVR8.o
LOAD ../../../../LUFA/Drivers/USB/Core/ConfigDescriptors.o
LOAD ../../../../LUFA/Drivers/USB/Core/DeviceStandardReq.o
LOAD ../../../../LUFA/Drivers/USB/Core/Events.o
LOAD ../../../../LUFA/Drivers/USB/Core/HostStandardReq.o
LOAD ../../../../LUFA/Drivers/USB/Core/USBTask.o
LOAD ../../../../LUFA/Drivers/USB/Class/Device/AudioClassDevice.o
LOAD ../../../../LUFA/Drivers/USB/Class/Device/CDCClassDevice.o
LOAD ../../../../LUFA/Drivers/USB/Class/Device/HIDClassDevice.o
LOAD ../../../../LUFA/Drivers/USB/Class/Device/MassStorageClassDevice.o
LOAD ../../../../LUFA/Drivers/USB/Class/Device/MIDIClassDevice.o
LOAD ../../../../LUFA/Drivers/USB/Class/Device/RNDISClassDevice.o
LOAD ../../../../LUFA/Drivers/USB/Class/Host/AndroidAccessoryClassHost.o
LOAD ../../../../LUFA/Drivers/USB/Class/Host/AudioClassHost.o
LOAD ../../../../LUFA/Drivers/USB/Class/Host/CDCClassHost.o
LOAD ../../../../LUFA/Drivers/USB/Class/Host/HIDClassHost.o
LOAD ../../../../LUFA/Drivers/USB/Class/Host/MassStorageClassHost.o
LOAD ../../../../LUFA/Drivers/USB/Class/Host/MIDIClassHost.o
LOAD ../../../../LUFA/Drivers/USB/Class/Host/PrinterClassHost.o
LOAD ../../../../LUFA/Drivers/USB/Class/Host/RNDISClassHost.o
LOAD ../../../../LUFA/Drivers/USB/Class/Host/StillImageClassHost.o
LOAD /usr/lib/gcc/avr/4.5.3/../../../avr/lib/avr51/libm.a
LOAD /usr/lib/gcc/avr/4.5.3/avr51/libgcc.a
LOAD /usr/lib/gcc/avr/4.5.3/../../../avr/lib/avr51/libc.a
LOAD /usr/lib/gcc/avr/4.5.3/avr51/libgcc.a

.hash
 *(.hash)

.dynsym
 *(.dynsym)

.dynstr
 *(.dynstr)

.gnu.version
 *(.gnu.version)

.gnu.version_d
 *(.gnu.version_d)

.gnu.version_r
 *(.gnu.version_r)

.rel.init
 *(.rel.init)

.rela.init
 *(.rela.init)

.rel.text
 *(.rel.text)
 *(.rel.text.*)
 *(.rel.gnu.linkonce.t*)

.rela.text
 *(.rela.text)
 *(.rela.text.*)
 *(.rela.gnu.linkonce.t*)

.rel.fini
 *(.rel.fini)

.rela.fini
 *(.rela.fini)

.rel.rodata
 *(.rel.rodata)
 *(.rel.rodata.*)
 *(.rel.gnu.linkonce.r*)

.rela.rodata
 *(.rela.rodata)
 *(.rela.rodata.*)
 *(.rela.gnu.linkonce.r*)

.rel.data
 *(.rel.data)
 *(.rel.data.*)
 *(.rel.gnu.linkonce.d*)

.rela.data
 *(.rela.data)
 *(.rela.data.*)
 *(.rela.gnu.linkonce.d*)

.rel.ctors
 *(.rel.ctors)

.rela.ctors
 *(.rela.ctors)

.rel.dtors
 *(.rel.dtors)

.rela.dtors
 *(.rela.dtors)

.rel.got
 *(.rel.got)

.rela.got
 *(.rela.got)

.rel.bss
 *(.rel.bss)

.rela.bss
 *(.rela.bss)

.rel.plt
 *(.rel.plt)

.rela.plt
 *(.rela.plt)

.text           0x00000000     0x101a
 *(.vectors)
 .vectors       0x00000000       0x98 /usr/lib/gcc/avr/4.5.3/../../../avr/lib/avr51/crtusb1286.o
                0x00000000                __vectors
                0x00000000                __vector_default
 *(.vectors)
 *(.progmem.gcc*)
 *(.progmem*)
 .progmem.data  0x00000098       0xdb Descriptors.o
                0x00000098                DeviceDescriptor
                0x000000aa                ConfigurationDescriptor
                0x0000012d                LanguageString
                0x00000131                ManufacturerString
                0x0000014b                ProductString
                0x00000174                . = ALIGN (0x2)
 *fill*         0x00000173        0x1 00
                0x00000174                __trampolines_start = .
 *(.trampolines)
 .trampolines   0x00000174        0x0 linker stubs
 *(.trampolines*)
                0x00000174                __trampolines_end = .
 *(.jumptables)
 *(.jumptables*)
 *(.lowtext)
 *(.lowtext*)
                0x00000174                __ctors_start = .
 *(.ctors)
                0x00000174                __ctors_end = .
                0x00000174                __dtors_start = .
 *(.dtors)
                0x00000174                __dtors_end = .
 SORT(*)(.ctors)
 SORT(*)(.dtors)
 *(.init0)
 .init0         0x00000174        0x0 /usr/lib/gcc/avr/4.5.3/../../../avr/lib/avr51/crtusb1286.o
                0x00000174                __init
 *(.init0)
 *(.init1)
 *(.init1)
 *(.init2)
 .init2         0x00000174        0xc /usr/lib/gcc/avr/4.5.3/../../../avr/lib/avr51/crtusb1286.o
 *(.init2)
 *(.init3)
 *(.init3)
 *(.init4)
 .init4         0x00000180       0x1a /usr/lib/gcc/avr/4.5.3/avr51/libgcc.a(_copy_data.o)
                0x00000180                __do_copy_data
 .init4         0x0000019a       0x10 /usr/lib/gcc/avr/4.5.3/avr51/libgcc.a(_clear_bss.o)
                0x0000019a                __do_clear_bss
 *(.init4)
 *(.init5)
 *(.init5)
 *(.init6)
 *(.init6)
 *(.init7)
 *(.init7)
 *(.init8)
 *(.init8)
 *(.init9)
 .init9         0x000001aa        0x4 /usr/lib/gcc/avr/4.5.3/../../../avr/lib/avr51/crtusb1286.o
 *(.init9)
 *(.text)
 .text          0x000001ae        0x2 /usr/lib/gcc/avr/4.5.3/../../../avr/lib/avr51/crtusb1286.o
                0x000001ae                __vector_22
                0x000001ae                __vector_28
                0x000001ae                __vector_1
                0x000001ae                __vector_32
                0x000001ae                __vector_34
                0x000001ae                __vector_24
                0x000001ae                __vector_12
                0x000001ae                __bad_interrupt
                0x000001ae                __vector_6
                0x000001ae                __vector_31
                0x000001ae                __vector_35
                0x000001ae                __vector_3
                0x000001ae                __vector_23
                0x000001ae                __vector_30
                0x000001ae                __vector_25
                0x000001ae                __vector_13
                0x000001ae                __vector_17
                0x000001ae                __vector_19
                0x000001ae                __vector_7
                0x000001ae                __vector_27
                0x000001ae                __vector_5
                0x000001ae                __vector_33
                0x000001ae                __vector_37
                0x000001ae                __vector_4
                0x000001ae                __vector_9
                0x000001ae                __vector_2
                0x000001ae                __vector_21
                0x000001ae                __vector_15
                0x000001ae                __vector_36
                0x000001ae                __vector_29
                0x000001ae                __vector_8
                0x000001ae                __vector_26
                0x000001ae                __vector_14
                0x000001ae                __vector_16
                0x000001ae                __vector_18
                0x000001ae                __vector_20
                0x000001b0                . = ALIGN (0x2)
 *(.text.*)
 .text.LEDs_SetAllLEDs
                0x000001b0        0xa DualVirtualSerial.o
 .text.SetupHardware
                0x000001ba       0x4e DualVirtualSerial.o
                0x000001ba                SetupHardware
 .text.CheckJoystickMovement
                0x00000208       0x62 DualVirtualSerial.o
                0x00000208                CheckJoystickMovement
 .text.main     0x0000026a       0x32 DualVirtualSerial.o
                0x0000026a                main
 .text.EVENT_USB_Device_Connect
                0x0000029c        0x4 DualVirtualSerial.o
                0x0000029c                EVENT_USB_Device_Connect
 .text.EVENT_USB_Device_Disconnect
                0x000002a0        0x4 DualVirtualSerial.o
                0x000002a0                EVENT_USB_Device_Disconnect
 .text.EVENT_USB_Device_ConfigurationChanged
                0x000002a4       0x2a DualVirtualSerial.o
                0x000002a4                EVENT_USB_Device_ConfigurationChanged
 .text.EVENT_USB_Device_ControlRequest
                0x000002ce        0xc DualVirtualSerial.o
                0x000002ce                EVENT_USB_Device_ControlRequest
 .text.CALLBACK_USB_GetDescriptor
                0x000002da       0x5a Descriptors.o
                0x000002da                CALLBACK_USB_GetDescriptor
 .text.Endpoint_Write_Stream_LE
                0x00000334       0xba ../../../../LUFA/Drivers/USB/Core/AVR8/EndpointStream_AVR8.o
                0x00000334                Endpoint_Write_Stream_LE
 .text.Endpoint_Write_Control_Stream_LE
                0x000003ee       0xbc ../../../../LUFA/Drivers/USB/Core/AVR8/EndpointStream_AVR8.o
                0x000003ee                Endpoint_Write_Control_Stream_LE
 .text.Endpoint_Write_Control_PStream_LE
                0x000004aa       0xbc ../../../../LUFA/Drivers/USB/Core/AVR8/EndpointStream_AVR8.o
                0x000004aa                Endpoint_Write_Control_PStream_LE
 .text.Endpoint_ConfigureEndpoint_Prv
                0x00000566       0x6e ../../../../LUFA/Drivers/USB/Core/AVR8/Endpoint_AVR8.o
                0x00000566                Endpoint_ConfigureEndpoint_Prv
 .text.Endpoint_ConfigureEndpointTable
                0x000005d4       0x88 ../../../../LUFA/Drivers/USB/Core/AVR8/Endpoint_AVR8.o
                0x000005d4                Endpoint_ConfigureEndpointTable
 .text.Endpoint_ClearStatusStage
                0x0000065c       0x42 ../../../../LUFA/Drivers/USB/Core/AVR8/Endpoint_AVR8.o
                0x0000065c                Endpoint_ClearStatusStage
 .text.Endpoint_WaitUntilReady
                0x0000069e       0x68 ../../../../LUFA/Drivers/USB/Core/AVR8/Endpoint_AVR8.o
                0x0000069e                Endpoint_WaitUntilReady
 .text.USB_ResetInterface
                0x00000706       0x8a ../../../../LUFA/Drivers/USB/Core/AVR8/USBController_AVR8.o
                0x00000706                USB_ResetInterface
 .text.USB_Init
                0x00000790       0x1c ../../../../LUFA/Drivers/USB/Core/AVR8/USBController_AVR8.o
                0x00000790                USB_Init
 .text.USB_INT_DisableAllInterrupts
                0x000007ac       0x10 ../../../../LUFA/Drivers/USB/Core/AVR8/USBInterrupt_AVR8.o
                0x000007ac                USB_INT_DisableAllInterrupts
 .text.USB_INT_ClearAllInterrupts
                0x000007bc        0xa ../../../../LUFA/Drivers/USB/Core/AVR8/USBInterrupt_AVR8.o
                0x000007bc                USB_INT_ClearAllInterrupts
 .text.__vector_10
                0x000007c6      0x19a ../../../../LUFA/Drivers/USB/Core/AVR8/USBInterrupt_AVR8.o
                0x000007c6                __vector_10
 .text.__vector_11
                0x00000960       0x7e ../../../../LUFA/Drivers/USB/Core/AVR8/USBInterrupt_AVR8.o
                0x00000960                __vector_11
 .text.USB_Device_ProcessControlRequest
                0x000009de      0x2c6 ../../../../LUFA/Drivers/USB/Core/DeviceStandardReq.o
                0x000009de                USB_Device_ProcessControlRequest
 .text.USB_Event_Stub
                0x00000ca4        0x2 ../../../../LUFA/Drivers/USB/Core/Events.o
                0x00000ca4                EVENT_USB_Device_WakeUp
                0x00000ca4                USB_Event_Stub
                0x00000ca4                EVENT_USB_Device_Suspend
                0x00000ca4                EVENT_USB_Device_StartOfFrame
                0x00000ca4                EVENT_USB_Device_Reset
 .text.USB_USBTask
                0x00000ca6       0x38 ../../../../LUFA/Drivers/USB/Core/USBTask.o
                0x00000ca6                USB_USBTask
 .text.CDC_Device_ProcessControlRequest
                0x00000cde      0x15a ../../../../LUFA/Drivers/USB/Class/Device/CDCClassDevice.o
                0x00000cde                CDC_Device_ProcessControlRequest
 .text.CDC_Device_ConfigureEndpoints
                0x00000e38       0x48 ../../../../LUFA/Drivers/USB/Class/Device/CDCClassDevice.o
                0x00000e38                CDC_Device_ConfigureEndpoints
 .text.CDC_Device_SendString
                0x00000e80       0x44 ../../../../LUFA/Drivers/USB/Class/Device/CDCClassDevice.o
                0x00000e80                CDC_Device_SendString
 .text.CDC_Device_SendByte
                0x00000ec4       0x5c ../../../../LUFA/Drivers/USB/Class/Device/CDCClassDevice.o
                0x00000ec4                CDC_Device_SendByte
 .text.CDC_Device_Flush
                0x00000f20       0x60 ../../../../LUFA/Drivers/USB/Class/Device/CDCClassDevice.o
                0x00000f20                CDC_Device_Flush
 .text.CDC_Device_USBTask
                0x00000f80       0x30 ../../../../LUFA/Drivers/USB/Class/Device/CDCClassDevice.o
                0x00000f80                CDC_Device_USBTask
 .text.CDC_Device_ReceiveByte
                0x00000fb0       0x64 ../../../../LUFA/Drivers/USB/Class/Device/CDCClassDevice.o
                0x00000fb0                CDC_Device_ReceiveByte
 .text.CDC_Device_Event_Stub
                0x00001014        0x2 ../../../../LUFA/Drivers/USB/Class/Device/CDCClassDevice.o
                0x00001014                EVENT_CDC_Device_LineEncodingChanged
                0x00001014                EVENT_CDC_Device_ControLineStateChanged
                0x00001014                EVENT_CDC_Device_BreakSent
                0x00001014                CDC_Device_Event_Stub
                0x00001016                . = ALIGN (0x2)
 *(.fini9)
 .fini9         0x00001016        0x0 /usr/lib/gcc/avr/4.5.3/avr51/libgcc.a(_exit.o)
                0x00001016                exit
                0x00001016                _exit
 *(.fini9)
 *(.fini8)
 *(.fini8)
 *(.fini7)
 *(.fini7)
 *(.fini6)
 *(.fini6)
 *(.fini5)
 *(.fini5)
 *(.fini4)
 *(.fini4)
 *(.fini3)
 *(.fini3)
 *(.fini2)
 *(.fini2)
 *(.fini1)
 *(.fini1)
 *(.fini0)
 .fini0         0x00001016        0x4 /usr/lib/gcc/avr/4.5.3/avr51/libgcc.a(_exit.o)
 *(.fini0)
                0x0000101a                _etext = .

.data           0x00800100       0x88 load address 0x0000101a
                0x00800100                PROVIDE (__data_start, .)
 *(.data)
 .data          0x00800100       0x88 DualVirtualSerial.o
                0x00800152                VirtualSerial1_CDC_Interface
                0x0080016d                VirtualSerial2_CDC_Interface
 *(.data*)
 *(.rodata)
 *(.rodata*)
 *(.gnu.linkonce.d*)
                0x00800188                . = ALIGN (0x2)
                0x00800188                _edata = .
                0x00800188                PROVIDE (__data_end, .)

.bss            0x00800188        0xe
                0x00800188                PROVIDE (__bss_start, .)
 *(.bss)
 .bss           0x00800188        0x1 DualVirtualSerial.o
 *(.bss*)
 *(COMMON)
 COMMON         0x00800189        0x3 ../../../../LUFA/Drivers/USB/Core/DeviceStandardReq.o
                0x00800189                USB_Device_ConfigurationNumber
                0x0080018a                USB_Device_CurrentlySelfPowered
                0x0080018b                USB_Device_RemoteWakeupEnabled
 COMMON         0x0080018c        0xa ../../../../LUFA/Drivers/USB/Core/USBTask.o
                0x0080018c                USB_IsInitialized
                0x0080018d                USB_DeviceState
                0x0080018e                USB_ControlRequest
                0x00800196                PROVIDE (__bss_end, .)
                0x0000101a                __data_load_start = LOADADDR (.data)
                0x000010a2                __data_load_end = (__data_load_start + SIZEOF (.data))

.noinit         0x00800196        0x0
                0x00800196                PROVIDE (__noinit_start, .)
 *(.noinit*)
                0x00800196                PROVIDE (__noinit_end, .)
                0x00800196                _end = .
                0x00800196                PROVIDE (__heap_start, .)

.eeprom         0x00810000        0x0
 *(.eeprom*)
                0x00810000                __eeprom_end = .

.fuse
 *(.fuse)
 *(.lfuse)
 *(.hfuse)
 *(.efuse)

.lock
 *(.lock*)

.signature
 *(.signature*)

.stab           0x00000000      0xa98
 *(.stab)
 .stab          0x00000000      0x6cc /usr/lib/gcc/avr/4.5.3/../../../avr/lib/avr51/crtusb1286.o
 .stab          0x000006cc       0x84 /usr/lib/gcc/avr/4.5.3/../../../avr/lib/avr51/libc.a(memcpy_P.o)
                                 0x90 (size before relaxing)
 .stab          0x00000750       0xb4 /usr/lib/gcc/avr/4.5.3/../../../avr/lib/avr51/libc.a(memcmp.o)
                                 0xc0 (size before relaxing)
 .stab          0x00000804       0x84 /usr/lib/gcc/avr/4.5.3/../../../avr/lib/avr51/libc.a(memcpy.o)
                                 0x90 (size before relaxing)
 .stab          0x00000888       0x6c /usr/lib/gcc/avr/4.5.3/../../../avr/lib/avr51/libc.a(memset.o)
                                 0x78 (size before relaxing)
 .stab          0x000008f4       0x90 /usr/lib/gcc/avr/4.5.3/../../../avr/lib/avr51/libc.a(eerd_byte_at90usb1287.o)
                                 0x9c (size before relaxing)
 .stab          0x00000984      0x114 /usr/lib/gcc/avr/4.5.3/../../../avr/lib/avr51/libc.a(eeupd_byte_at90usb1287.o)
                                0x120 (size before relaxing)

.stabstr        0x00000000      0x16f
 *(.stabstr)
 .stabstr       0x00000000      0x16f /usr/lib/gcc/avr/4.5.3/../../../avr/lib/avr51/crtusb1286.o

.stab.excl
 *(.stab.excl)

.stab.exclstr
 *(.stab.exclstr)

.stab.index
 *(.stab.index)

.stab.indexstr
 *(.stab.indexstr)

.comment
 *(.comment)

.debug
 *(.debug)

.line
 *(.line)

.debug_srcinfo
 *(.debug_srcinfo)

.debug_sfnames
 *(.debug_sfnames)

.debug_aranges  0x00000000      0x488
 *(.debug_aranges)
 .debug_aranges
                0x00000000       0x58 DualVirtualSerial.o
 .debug_aranges
                0x00000058       0x20 Descriptors.o
 .debug_aranges
                0x00000078       0x38 ../../../../LUFA/Drivers/USB/Class/Common/HIDParser.o
 .debug_aranges
                0x000000b0       0x20 ../../../../LUFA/Drivers/USB/Core/AVR8/Device_AVR8.o
 .debug_aranges
                0x000000d0       0xc8 ../../../../LUFA/Drivers/USB/Core/AVR8/EndpointStream_AVR8.o
 .debug_aranges
                0x00000198       0x40 ../../../../LUFA/Drivers/USB/Core/AVR8/Endpoint_AVR8.o
 .debug_aranges
                0x000001d8       0x30 ../../../../LUFA/Drivers/USB/Core/AVR8/USBController_AVR8.o
 .debug_aranges
                0x00000208       0x38 ../../../../LUFA/Drivers/USB/Core/AVR8/USBInterrupt_AVR8.o
 .debug_aranges
                0x00000240       0x38 ../../../../LUFA/Drivers/USB/Core/ConfigDescriptors.o
 .debug_aranges
                0x00000278       0x20 ../../../../LUFA/Drivers/USB/Core/DeviceStandardReq.o
 .debug_aranges
                0x00000298       0x20 ../../../../LUFA/Drivers/USB/Core/Events.o
 .debug_aranges
                0x000002b8       0x20 ../../../../LUFA/Drivers/USB/Core/USBTask.o
 .debug_aranges
                0x000002d8       0x30 ../../../../LUFA/Drivers/USB/Class/Device/AudioClassDevice.o
 .debug_aranges
                0x00000308       0x98 ../../../../LUFA/Drivers/USB/Class/Device/CDCClassDevice.o
 .debug_aranges
                0x000003a0       0x30 ../../../../LUFA/Drivers/USB/Class/Device/HIDClassDevice.o
 .debug_aranges
                0x000003d0       0x30 ../../../../LUFA/Drivers/USB/Class/Device/MassStorageClassDevice.o
 .debug_aranges
                0x00000400       0x40 ../../../../LUFA/Drivers/USB/Class/Device/MIDIClassDevice.o
 .debug_aranges
                0x00000440       0x48 ../../../../LUFA/Drivers/USB/Class/Device/RNDISClassDevice.o

.debug_pubnames
                0x00000000      0xcc3
 *(.debug_pubnames)
 .debug_pubnames
                0x00000000      0x114 DualVirtualSerial.o
 .debug_pubnames
                0x00000114       0x9e Descriptors.o
 .debug_pubnames
                0x000001b2       0x7e ../../../../LUFA/Drivers/USB/Class/Common/HIDParser.o
 .debug_pubnames
                0x00000230       0x32 ../../../../LUFA/Drivers/USB/Core/AVR8/Device_AVR8.o
 .debug_pubnames
                0x00000262      0x2df ../../../../LUFA/Drivers/USB/Core/AVR8/EndpointStream_AVR8.o
 .debug_pubnames
                0x00000541       0xaf ../../../../LUFA/Drivers/USB/Core/AVR8/Endpoint_AVR8.o
 .debug_pubnames
                0x000005f0       0x46 ../../../../LUFA/Drivers/USB/Core/AVR8/USBController_AVR8.o
 .debug_pubnames
                0x00000636       0x72 ../../../../LUFA/Drivers/USB/Core/AVR8/USBInterrupt_AVR8.o
 .debug_pubnames
                0x000006a8       0x9b ../../../../LUFA/Drivers/USB/Core/ConfigDescriptors.o
 .debug_pubnames
                0x00000743       0xa1 ../../../../LUFA/Drivers/USB/Core/DeviceStandardReq.o
 .debug_pubnames
                0x000007e4       0x25 ../../../../LUFA/Drivers/USB/Core/Events.o
 .debug_pubnames
                0x00000809       0x63 ../../../../LUFA/Drivers/USB/Core/USBTask.o
 .debug_pubnames
                0x0000086c       0x79 ../../../../LUFA/Drivers/USB/Class/Device/AudioClassDevice.o
 .debug_pubnames
                0x000008e5      0x18b ../../../../LUFA/Drivers/USB/Class/Device/CDCClassDevice.o
 .debug_pubnames
                0x00000a70       0x70 ../../../../LUFA/Drivers/USB/Class/Device/HIDClassDevice.o
 .debug_pubnames
                0x00000ae0       0x6d ../../../../LUFA/Drivers/USB/Class/Device/MassStorageClassDevice.o
 .debug_pubnames
                0x00000b4d       0xa6 ../../../../LUFA/Drivers/USB/Class/Device/MIDIClassDevice.o
 .debug_pubnames
                0x00000bf3       0xd0 ../../../../LUFA/Drivers/USB/Class/Device/RNDISClassDevice.o

.debug_info     0x00000000     0x8647
 *(.debug_info)
 .debug_info    0x00000000      0x492 DualVirtualSerial.o
 .debug_info    0x00000492      0x902 Descriptors.o
 .debug_info    0x00000d94      0x6f9 ../../../../LUFA/Drivers/USB/Class/Common/HIDParser.o
 .debug_info    0x0000148d       0xd8 ../../../../LUFA/Drivers/USB/Core/AVR8/Device_AVR8.o
 .debug_info    0x00001565     0x156b ../../../../LUFA/Drivers/USB/Core/AVR8/EndpointStream_AVR8.o
 .debug_info    0x00002ad0      0x622 ../../../../LUFA/Drivers/USB/Core/AVR8/Endpoint_AVR8.o
 .debug_info    0x000030f2       0x6c ../../../../LUFA/Drivers/USB/Core/AVR8/Host_AVR8.o
 .debug_info    0x0000315e       0x6c ../../../../LUFA/Drivers/USB/Core/AVR8/PipeStream_AVR8.o
 .debug_info    0x000031ca       0x6c ../../../../LUFA/Drivers/USB/Core/AVR8/Pipe_AVR8.o
 .debug_info    0x00003236      0x496 ../../../../LUFA/Drivers/USB/Core/AVR8/USBController_AVR8.o
 .debug_info    0x000036cc      0x715 ../../../../LUFA/Drivers/USB/Core/AVR8/USBInterrupt_AVR8.o
 .debug_info    0x00003de1      0x38c ../../../../LUFA/Drivers/USB/Core/ConfigDescriptors.o
 .debug_info    0x0000416d      0x992 ../../../../LUFA/Drivers/USB/Core/DeviceStandardReq.o
 .debug_info    0x00004aff       0x85 ../../../../LUFA/Drivers/USB/Core/Events.o
 .debug_info    0x00004b84       0x6c ../../../../LUFA/Drivers/USB/Core/HostStandardReq.o
 .debug_info    0x00004bf0      0x269 ../../../../LUFA/Drivers/USB/Core/USBTask.o
 .debug_info    0x00004e59      0x58b ../../../../LUFA/Drivers/USB/Class/Device/AudioClassDevice.o
 .debug_info    0x000053e4      0xc5a ../../../../LUFA/Drivers/USB/Class/Device/CDCClassDevice.o
 .debug_info    0x0000603e      0x699 ../../../../LUFA/Drivers/USB/Class/Device/HIDClassDevice.o
 .debug_info    0x000066d7      0x7e9 ../../../../LUFA/Drivers/USB/Class/Device/MassStorageClassDevice.o
 .debug_info    0x00006ec0      0x4e0 ../../../../LUFA/Drivers/USB/Class/Device/MIDIClassDevice.o
 .debug_info    0x000073a0      0xedb ../../../../LUFA/Drivers/USB/Class/Device/RNDISClassDevice.o
 .debug_info    0x0000827b       0x6c ../../../../LUFA/Drivers/USB/Class/Host/AndroidAccessoryClassHost.o
 .debug_info    0x000082e7       0x6c ../../../../LUFA/Drivers/USB/Class/Host/AudioClassHost.o
 .debug_info    0x00008353       0x6c ../../../../LUFA/Drivers/USB/Class/Host/CDCClassHost.o
 .debug_info    0x000083bf       0x6c ../../../../LUFA/Drivers/USB/Class/Host/HIDClassHost.o
 .debug_info    0x0000842b       0x6c ../../../../LUFA/Drivers/USB/Class/Host/MassStorageClassHost.o
 .debug_info    0x00008497       0x6c ../../../../LUFA/Drivers/USB/Class/Host/MIDIClassHost.o
 .debug_info    0x00008503       0x6c ../../../../LUFA/Drivers/USB/Class/Host/PrinterClassHost.o
 .debug_info    0x0000856f       0x6c ../../../../LUFA/Drivers/USB/Class/Host/RNDISClassHost.o
 .debug_info    0x000085db       0x6c ../../../../LUFA/Drivers/USB/Class/Host/StillImageClassHost.o
 *(.gnu.linkonce.wi.*)

.debug_abbrev   0x00000000     0x1fe9
 *(.debug_abbrev)
 .debug_abbrev  0x00000000      0x1f6 DualVirtualSerial.o
 .debug_abbrev  0x000001f6      0x17c Descriptors.o
 .debug_abbrev  0x00000372      0x1ec ../../../../LUFA/Drivers/USB/Class/Common/HIDParser.o
 .debug_abbrev  0x0000055e       0x7d ../../../../LUFA/Drivers/USB/Core/AVR8/Device_AVR8.o
 .debug_abbrev  0x000005db      0x192 ../../../../LUFA/Drivers/USB/Core/AVR8/EndpointStream_AVR8.o
 .debug_abbrev  0x0000076d      0x1f5 ../../../../LUFA/Drivers/USB/Core/AVR8/Endpoint_AVR8.o
 .debug_abbrev  0x00000962       0x2a ../../../../LUFA/Drivers/USB/Core/AVR8/Host_AVR8.o
 .debug_abbrev  0x0000098c       0x2a ../../../../LUFA/Drivers/USB/Core/AVR8/PipeStream_AVR8.o
 .debug_abbrev  0x000009b6       0x2a ../../../../LUFA/Drivers/USB/Core/AVR8/Pipe_AVR8.o
 .debug_abbrev  0x000009e0      0x12d ../../../../LUFA/Drivers/USB/Core/AVR8/USBController_AVR8.o
 .debug_abbrev  0x00000b0d      0x1e9 ../../../../LUFA/Drivers/USB/Core/AVR8/USBInterrupt_AVR8.o
 .debug_abbrev  0x00000cf6      0x148 ../../../../LUFA/Drivers/USB/Core/ConfigDescriptors.o
 .debug_abbrev  0x00000e3e      0x212 ../../../../LUFA/Drivers/USB/Core/DeviceStandardReq.o
 .debug_abbrev  0x00001050       0x41 ../../../../LUFA/Drivers/USB/Core/Events.o
 .debug_abbrev  0x00001091       0x2a ../../../../LUFA/Drivers/USB/Core/HostStandardReq.o
 .debug_abbrev  0x000010bb      0x15c ../../../../LUFA/Drivers/USB/Core/USBTask.o
 .debug_abbrev  0x00001217      0x167 ../../../../LUFA/Drivers/USB/Class/Device/AudioClassDevice.o
 .debug_abbrev  0x0000137e      0x2f3 ../../../../LUFA/Drivers/USB/Class/Device/CDCClassDevice.o
 .debug_abbrev  0x00001671      0x1bc ../../../../LUFA/Drivers/USB/Class/Device/HIDClassDevice.o
 .debug_abbrev  0x0000182d      0x205 ../../../../LUFA/Drivers/USB/Class/Device/MassStorageClassDevice.o
 .debug_abbrev  0x00001a32      0x184 ../../../../LUFA/Drivers/USB/Class/Device/MIDIClassDevice.o
 .debug_abbrev  0x00001bb6      0x2b9 ../../../../LUFA/Drivers/USB/Class/Device/RNDISClassDevice.o
 .debug_abbrev  0x00001e6f       0x2a ../../../../LUFA/Drivers/USB/Class/Host/AndroidAccessoryClassHost.o
 .debug_abbrev  0x00001e99       0x2a ../../../../LUFA/Drivers/USB/Class/Host/AudioClassHost.o
 .debug_abbrev  0x00001ec3       0x2a ../../../../LUFA/Drivers/USB/Class/Host/CDCClassHost.o
 .debug_abbrev  0x00001eed       0x2a ../../../../LUFA/Drivers/USB/Class/Host/HIDClassHost.o
 .debug_abbrev  0x00001f17       0x2a ../../../../LUFA/Drivers/USB/Class/Host/MassStorageClassHost.o
 .debug_abbrev  0x00001f41       0x2a ../../../../LUFA/Drivers/USB/Class/Host/MIDIClassHost.o
 .debug_abbrev  0x00001f6b       0x2a ../../../../LUFA/Drivers/USB/Class/Host/PrinterClassHost.o
 .debug_abbrev  0x00001f95       0x2a ../../../../LUFA/Drivers/USB/Class/Host/RNDISClassHost.o
 .debug_abbrev  0x00001fbf       0x2a ../../../../LUFA/Drivers/USB/Class/Host/StillImageClassHost.o

.debug_line     0x00000000     0x6e88
 *(.debug_line)
 .debug_line    0x00000000      0x4f5 DualVirtualSerial.o
 .debug_line    0x000004f5      0x227 Descriptors.o
 .debug_line    0x0000071c      0x758 ../../../../LUFA/Drivers/USB/Class/Common/HIDParser.o
 .debug_line    0x00000e74      0x16b ../../../../LUFA/Drivers/USB/Core/AVR8/Device_AVR8.o
 .debug_line    0x00000fdf     0x1a9e ../../../../LUFA/Drivers/USB/Core/AVR8/EndpointStream_AVR8.o
 .debug_line    0x00002a7d      0x5fe ../../../../LUFA/Drivers/USB/Core/AVR8/Endpoint_AVR8.o
 .debug_line    0x0000307b       0x3e ../../../../LUFA/Drivers/USB/Core/AVR8/Host_AVR8.o
 .debug_line    0x000030b9       0x3e ../../../../LUFA/Drivers/USB/Core/AVR8/PipeStream_AVR8.o
 .debug_line    0x000030f7       0x3e ../../../../LUFA/Drivers/USB/Core/AVR8/Pipe_AVR8.o
 .debug_line    0x00003135      0x374 ../../../../LUFA/Drivers/USB/Core/AVR8/USBController_AVR8.o
 .debug_line    0x000034a9      0x64b ../../../../LUFA/Drivers/USB/Core/AVR8/USBInterrupt_AVR8.o
 .debug_line    0x00003af4      0x275 ../../../../LUFA/Drivers/USB/Core/ConfigDescriptors.o
 .debug_line    0x00003d69      0x5ba ../../../../LUFA/Drivers/USB/Core/DeviceStandardReq.o
 .debug_line    0x00004323       0x86 ../../../../LUFA/Drivers/USB/Core/Events.o
 .debug_line    0x000043a9       0x3e ../../../../LUFA/Drivers/USB/Core/HostStandardReq.o
 .debug_line    0x000043e7      0x1cd ../../../../LUFA/Drivers/USB/Core/USBTask.o
 .debug_line    0x000045b4      0x515 ../../../../LUFA/Drivers/USB/Class/Device/AudioClassDevice.o
 .debug_line    0x00004ac9      0x9e0 ../../../../LUFA/Drivers/USB/Class/Device/CDCClassDevice.o
 .debug_line    0x000054a9      0x5e1 ../../../../LUFA/Drivers/USB/Class/Device/HIDClassDevice.o
 .debug_line    0x00005a8a      0x5e4 ../../../../LUFA/Drivers/USB/Class/Device/MassStorageClassDevice.o
 .debug_line    0x0000606e      0x436 ../../../../LUFA/Drivers/USB/Class/Device/MIDIClassDevice.o
 .debug_line    0x000064a4      0x7b6 ../../../../LUFA/Drivers/USB/Class/Device/RNDISClassDevice.o
 .debug_line    0x00006c5a       0x3e ../../../../LUFA/Drivers/USB/Class/Host/AndroidAccessoryClassHost.o
 .debug_line    0x00006c98       0x3e ../../../../LUFA/Drivers/USB/Class/Host/AudioClassHost.o
 .debug_line    0x00006cd6       0x3e ../../../../LUFA/Drivers/USB/Class/Host/CDCClassHost.o
 .debug_line    0x00006d14       0x3e ../../../../LUFA/Drivers/USB/Class/Host/HIDClassHost.o
 .debug_line    0x00006d52       0x3e ../../../../LUFA/Drivers/USB/Class/Host/MassStorageClassHost.o
 .debug_line    0x00006d90       0x3e ../../../../LUFA/Drivers/USB/Class/Host/MIDIClassHost.o
 .debug_line    0x00006dce       0x3e ../../../../LUFA/Drivers/USB/Class/Host/PrinterClassHost.o
 .debug_line    0x00006e0c       0x3e ../../../../LUFA/Drivers/USB/Class/Host/RNDISClassHost.o
 .debug_line    0x00006e4a       0x3e ../../../../LUFA/Drivers/USB/Class/Host/StillImageClassHost.o

.debug_frame    0x00000000      0x6d0
 *(.debug_frame)
 .debug_frame   0x00000000       0x90 DualVirtualSerial.o
 .debug_frame   0x00000090       0x20 Descriptors.o
 .debug_frame   0x000000b0       0x50 ../../../../LUFA/Drivers/USB/Class/Common/HIDParser.o
 .debug_frame   0x00000100       0x20 ../../../../LUFA/Drivers/USB/Core/AVR8/Device_AVR8.o
 .debug_frame   0x00000120      0x170 ../../../../LUFA/Drivers/USB/Core/AVR8/EndpointStream_AVR8.o
 .debug_frame   0x00000290       0x60 ../../../../LUFA/Drivers/USB/Core/AVR8/Endpoint_AVR8.o
 .debug_frame   0x000002f0       0x40 ../../../../LUFA/Drivers/USB/Core/AVR8/USBController_AVR8.o
 .debug_frame   0x00000330       0x50 ../../../../LUFA/Drivers/USB/Core/AVR8/USBInterrupt_AVR8.o
 .debug_frame   0x00000380       0x50 ../../../../LUFA/Drivers/USB/Core/ConfigDescriptors.o
 .debug_frame   0x000003d0       0x20 ../../../../LUFA/Drivers/USB/Core/DeviceStandardReq.o
 .debug_frame   0x000003f0       0x20 ../../../../LUFA/Drivers/USB/Core/Events.o
 .debug_frame   0x00000410       0x20 ../../../../LUFA/Drivers/USB/Core/USBTask.o
 .debug_frame   0x00000430       0x40 ../../../../LUFA/Drivers/USB/Class/Device/AudioClassDevice.o
 .debug_frame   0x00000470      0x110 ../../../../LUFA/Drivers/USB/Class/Device/CDCClassDevice.o
 .debug_frame   0x00000580       0x40 ../../../../LUFA/Drivers/USB/Class/Device/HIDClassDevice.o
 .debug_frame   0x000005c0       0x40 ../../../../LUFA/Drivers/USB/Class/Device/MassStorageClassDevice.o
 .debug_frame   0x00000600       0x60 ../../../../LUFA/Drivers/USB/Class/Device/MIDIClassDevice.o
 .debug_frame   0x00000660       0x70 ../../../../LUFA/Drivers/USB/Class/Device/RNDISClassDevice.o

.debug_str      0x00000000     0x3bdb
 *(.debug_str)
 .debug_str     0x00000000      0x3f7 DualVirtualSerial.o
                                0x45d (size before relaxing)
 .debug_str     0x000003f7      0xade Descriptors.o
                                0xc5b (size before relaxing)
 .debug_str     0x00000ed5      0x482 ../../../../LUFA/Drivers/USB/Class/Common/HIDParser.o
                                0x60d (size before relaxing)
 .debug_str     0x00001357       0x7d ../../../../LUFA/Drivers/USB/Core/AVR8/Device_AVR8.o
                                0x170 (size before relaxing)
 .debug_str     0x000013d4      0x647 ../../../../LUFA/Drivers/USB/Core/AVR8/EndpointStream_AVR8.o
                                0x796 (size before relaxing)
 .debug_str     0x00001a1b      0x2f4 ../../../../LUFA/Drivers/USB/Core/AVR8/Endpoint_AVR8.o
                                0x592 (size before relaxing)
 .debug_str     0x00001d0f       0x33 ../../../../LUFA/Drivers/USB/Core/AVR8/Host_AVR8.o
                                0x118 (size before relaxing)
 .debug_str     0x00001d42       0x39 ../../../../LUFA/Drivers/USB/Core/AVR8/PipeStream_AVR8.o
                                0x11e (size before relaxing)
 .debug_str     0x00001d7b       0x33 ../../../../LUFA/Drivers/USB/Core/AVR8/Pipe_AVR8.o
                                0x118 (size before relaxing)
 .debug_str     0x00001dae      0x253 ../../../../LUFA/Drivers/USB/Core/AVR8/USBController_AVR8.o
                                0x47a (size before relaxing)
 .debug_str     0x00002001      0x12c ../../../../LUFA/Drivers/USB/Core/AVR8/USBInterrupt_AVR8.o
                                0x475 (size before relaxing)
 .debug_str     0x0000212d      0x22d ../../../../LUFA/Drivers/USB/Core/ConfigDescriptors.o
                                0x358 (size before relaxing)
 .debug_str     0x0000235a      0x428 ../../../../LUFA/Drivers/USB/Core/DeviceStandardReq.o
                                0x886 (size before relaxing)
 .debug_str     0x00002782       0x3a ../../../../LUFA/Drivers/USB/Core/Events.o
                                0x11f (size before relaxing)
 .debug_str     0x000027bc       0x34 ../../../../LUFA/Drivers/USB/Core/HostStandardReq.o
                                0x119 (size before relaxing)
 .debug_str     0x000027f0       0x54 ../../../../LUFA/Drivers/USB/Core/USBTask.o
                                0x2d6 (size before relaxing)
 .debug_str     0x00002844      0x230 ../../../../LUFA/Drivers/USB/Class/Device/AudioClassDevice.o
                                0x556 (size before relaxing)
 .debug_str     0x00002a74      0x311 ../../../../LUFA/Drivers/USB/Class/Device/CDCClassDevice.o
                                0x90a (size before relaxing)
 .debug_str     0x00002d85      0x1f3 ../../../../LUFA/Drivers/USB/Class/Device/HIDClassDevice.o
                                0x585 (size before relaxing)
 .debug_str     0x00002f78      0x243 ../../../../LUFA/Drivers/USB/Class/Device/MassStorageClassDevice.o
                                0x6e6 (size before relaxing)
 .debug_str     0x000031bb      0x11e ../../../../LUFA/Drivers/USB/Class/Device/MIDIClassDevice.o
                                0x56d (size before relaxing)
 .debug_str     0x000032d9      0x6ee ../../../../LUFA/Drivers/USB/Class/Device/RNDISClassDevice.o
                                0xc1e (size before relaxing)
 .debug_str     0x000039c7       0x44 ../../../../LUFA/Drivers/USB/Class/Host/AndroidAccessoryClassHost.o
                                0x129 (size before relaxing)
 .debug_str     0x00003a0b       0x39 ../../../../LUFA/Drivers/USB/Class/Host/AudioClassHost.o
                                0x11e (size before relaxing)
 .debug_str     0x00003a44       0x37 ../../../../LUFA/Drivers/USB/Class/Host/CDCClassHost.o
                                0x11c (size before relaxing)
 .debug_str     0x00003a7b       0x37 ../../../../LUFA/Drivers/USB/Class/Host/HIDClassHost.o
                                0x11c (size before relaxing)
 .debug_str     0x00003ab2       0x3f ../../../../LUFA/Drivers/USB/Class/Host/MassStorageClassHost.o
                                0x124 (size before relaxing)
 .debug_str     0x00003af1       0x38 ../../../../LUFA/Drivers/USB/Class/Host/MIDIClassHost.o
                                0x11d (size before relaxing)
 .debug_str     0x00003b29       0x3b ../../../../LUFA/Drivers/USB/Class/Host/PrinterClassHost.o
                                0x120 (size before relaxing)
 .debug_str     0x00003b64       0x39 ../../../../LUFA/Drivers/USB/Class/Host/RNDISClassHost.o
                                0x11e (size before relaxing)
 .debug_str     0x00003b9d       0x3e ../../../../LUFA/Drivers/USB/Class/Host/StillImageClassHost.o
                                0x123 (size before relaxing)

.debug_loc      0x00000000     0x419c
 *(.debug_loc)
 .debug_loc     0x00000000       0x7e DualVirtualSerial.o
 .debug_loc     0x0000007e       0xd3 Descriptors.o
 .debug_loc     0x00000151      0x8de ../../../../LUFA/Drivers/USB/Class/Common/HIDParser.o
 .debug_loc     0x00000a2f     0x1982 ../../../../LUFA/Drivers/USB/Core/AVR8/EndpointStream_AVR8.o
 .debug_loc     0x000023b1      0x39b ../../../../LUFA/Drivers/USB/Core/AVR8/Endpoint_AVR8.o
 .debug_loc     0x0000274c      0x1b8 ../../../../LUFA/Drivers/USB/Core/AVR8/USBInterrupt_AVR8.o
 .debug_loc     0x00002904      0x2bc ../../../../LUFA/Drivers/USB/Core/ConfigDescriptors.o
 .debug_loc     0x00002bc0      0x22a ../../../../LUFA/Drivers/USB/Core/DeviceStandardReq.o
 .debug_loc     0x00002dea       0x27 ../../../../LUFA/Drivers/USB/Core/USBTask.o
 .debug_loc     0x00002e11      0x16d ../../../../LUFA/Drivers/USB/Class/Device/AudioClassDevice.o
 .debug_loc     0x00002f7e      0x52b ../../../../LUFA/Drivers/USB/Class/Device/CDCClassDevice.o
 .debug_loc     0x000034a9      0x249 ../../../../LUFA/Drivers/USB/Class/Device/HIDClassDevice.o
 .debug_loc     0x000036f2      0x152 ../../../../LUFA/Drivers/USB/Class/Device/MassStorageClassDevice.o
 .debug_loc     0x00003844      0x1f6 ../../../../LUFA/Drivers/USB/Class/Device/MIDIClassDevice.o
 .debug_loc     0x00003a3a      0x762 ../../../../LUFA/Drivers/USB/Class/Device/RNDISClassDevice.o

.debug_macinfo
 *(.debug_macinfo)
OUTPUT(DualVirtualSerial.elf elf32-avr)
LOAD linker stubs

.debug_pubtypes
                0x00000000     0x10b0
 .debug_pubtypes
                0x00000000       0xa3 DualVirtualSerial.o
 .debug_pubtypes
                0x000000a3      0x247 Descriptors.o
 .debug_pubtypes
                0x000002ea      0x145 ../../../../LUFA/Drivers/USB/Class/Common/HIDParser.o
 .debug_pubtypes
                0x0000042f       0x1e ../../../../LUFA/Drivers/USB/Core/AVR8/Device_AVR8.o
 .debug_pubtypes
                0x0000044d       0xab ../../../../LUFA/Drivers/USB/Core/AVR8/EndpointStream_AVR8.o
 .debug_pubtypes
                0x000004f8       0x9e ../../../../LUFA/Drivers/USB/Core/AVR8/Endpoint_AVR8.o
 .debug_pubtypes
                0x00000596       0x12 ../../../../LUFA/Drivers/USB/Core/AVR8/Host_AVR8.o
 .debug_pubtypes
                0x000005a8       0x12 ../../../../LUFA/Drivers/USB/Core/AVR8/PipeStream_AVR8.o
 .debug_pubtypes
                0x000005ba       0x12 ../../../../LUFA/Drivers/USB/Core/AVR8/Pipe_AVR8.o
 .debug_pubtypes
                0x000005cc       0x68 ../../../../LUFA/Drivers/USB/Core/AVR8/USBController_AVR8.o
 .debug_pubtypes
                0x00000634       0x58 ../../../../LUFA/Drivers/USB/Core/AVR8/USBInterrupt_AVR8.o
 .debug_pubtypes
                0x0000068c       0xb4 ../../../../LUFA/Drivers/USB/Core/ConfigDescriptors.o
 .debug_pubtypes
                0x00000740       0xd7 ../../../../LUFA/Drivers/USB/Core/DeviceStandardReq.o
 .debug_pubtypes
                0x00000817       0x12 ../../../../LUFA/Drivers/USB/Core/Events.o
 .debug_pubtypes
                0x00000829       0x12 ../../../../LUFA/Drivers/USB/Core/HostStandardReq.o
 .debug_pubtypes
                0x0000083b       0x5c ../../../../LUFA/Drivers/USB/Core/USBTask.o
 .debug_pubtypes
                0x00000897       0xb2 ../../../../LUFA/Drivers/USB/Class/Device/AudioClassDevice.o
 .debug_pubtypes
                0x00000949      0x151 ../../../../LUFA/Drivers/USB/Class/Device/CDCClassDevice.o
 .debug_pubtypes
                0x00000a9a       0xc6 ../../../../LUFA/Drivers/USB/Class/Device/HIDClassDevice.o
 .debug_pubtypes
                0x00000b60      0x132 ../../../../LUFA/Drivers/USB/Class/Device/MassStorageClassDevice.o
 .debug_pubtypes
                0x00000c92       0xe0 ../../../../LUFA/Drivers/USB/Class/Device/MIDIClassDevice.o
 .debug_pubtypes
                0x00000d72      0x29c ../../../../LUFA/Drivers/USB/Class/Device/RNDISClassDevice.o
 .debug_pubtypes
                0x0000100e       0x12 ../../../../LUFA/Drivers/USB/Class/Host/AndroidAccessoryClassHost.o
 .debug_pubtypes
                0x00001020       0x12 ../../../../LUFA/Drivers/USB/Class/Host/AudioClassHost.o
 .debug_pubtypes
                0x00001032       0x12 ../../../../LUFA/Drivers/USB/Class/Host/CDCClassHost.o
 .debug_pubtypes
                0x00001044       0x12 ../../../../LUFA/Drivers/USB/Class/Host/HIDClassHost.o
 .debug_pubtypes
                0x00001056       0x12 ../../../../LUFA/Drivers/USB/Class/Host/MassStorageClassHost.o
 .debug_pubtypes
                0x00001068       0x12 ../../../../LUFA/Drivers/USB/Class/Host/MIDIClassHost.o
 .debug_pubtypes
                0x0000107a       0x12 ../../../../LUFA/Drivers/USB/Class/Host/PrinterClassHost.o
 .debug_pubtypes
                0x0000108c       0x12 ../../../../LUFA/Drivers/USB/Class/Host/RNDISClassHost.o
 .debug_pubtypes
                0x0000109e       0x12 ../../../../LUFA/Drivers/USB/Class/Host/StillImageClassHost.o

.debug_ranges   0x00000000      0x6e0
 .debug_ranges  0x00000000       0x48 DualVirtualSerial.o
 .debug_ranges  0x00000048       0x10 Descriptors.o
 .debug_ranges  0x00000058      0x100 ../../../../LUFA/Drivers/USB/Class/Common/HIDParser.o
 .debug_ranges  0x00000158       0x10 ../../../../LUFA/Drivers/USB/Core/AVR8/Device_AVR8.o
 .debug_ranges  0x00000168      0x298 ../../../../LUFA/Drivers/USB/Core/AVR8/EndpointStream_AVR8.o
 .debug_ranges  0x00000400       0xa8 ../../../../LUFA/Drivers/USB/Core/AVR8/Endpoint_AVR8.o
 .debug_ranges  0x000004a8       0x20 ../../../../LUFA/Drivers/USB/Core/AVR8/USBController_AVR8.o
 .debug_ranges  0x000004c8       0x28 ../../../../LUFA/Drivers/USB/Core/AVR8/USBInterrupt_AVR8.o
 .debug_ranges  0x000004f0       0x28 ../../../../LUFA/Drivers/USB/Core/ConfigDescriptors.o
 .debug_ranges  0x00000518       0x10 ../../../../LUFA/Drivers/USB/Core/DeviceStandardReq.o
 .debug_ranges  0x00000528       0x10 ../../../../LUFA/Drivers/USB/Core/Events.o
 .debug_ranges  0x00000538       0x10 ../../../../LUFA/Drivers/USB/Core/USBTask.o
 .debug_ranges  0x00000548       0x20 ../../../../LUFA/Drivers/USB/Class/Device/AudioClassDevice.o
 .debug_ranges  0x00000568       0x88 ../../../../LUFA/Drivers/USB/Class/Device/CDCClassDevice.o
 .debug_ranges  0x000005f0       0x20 ../../../../LUFA/Drivers/USB/Class/Device/HIDClassDevice.o
 .debug_ranges  0x00000610       0x20 ../../../../LUFA/Drivers/USB/Class/Device/MassStorageClassDevice.o
 .debug_ranges  0x00000630       0x30 ../../../../LUFA/Drivers/USB/Class/Device/MIDIClassDevice.o
 .debug_ranges  0x00000660       0x80 ../../../../LUFA/Drivers/USB/Class/Device/RNDISClassDevice.o

Cross Reference Table

Symbol                                            File
Audio_Device_ConfigureEndpoints                   ../../../../LUFA/Drivers/USB/Class/Device/AudioClassDevice.o
Audio_Device_Event_Stub                           ../../../../LUFA/Drivers/USB/Class/Device/AudioClassDevice.o
Audio_Device_ProcessControlRequest                ../../../../LUFA/Drivers/USB/Class/Device/AudioClassDevice.o
CALLBACK_Audio_Device_GetSetEndpointProperty      ../../../../LUFA/Drivers/USB/Class/Device/AudioClassDevice.o
CALLBACK_Audio_Device_GetSetInterfaceProperty     ../../../../LUFA/Drivers/USB/Class/Device/AudioClassDevice.o
CALLBACK_HIDParser_FilterHIDReportItem            ../../../../LUFA/Drivers/USB/Class/Common/HIDParser.o
CALLBACK_HID_Device_CreateHIDReport               ../../../../LUFA/Drivers/USB/Class/Device/HIDClassDevice.o
CALLBACK_HID_Device_ProcessHIDReport              ../../../../LUFA/Drivers/USB/Class/Device/HIDClassDevice.o
CALLBACK_MS_Device_SCSICommandReceived            ../../../../LUFA/Drivers/USB/Class/Device/MassStorageClassDevice.o
CALLBACK_USB_GetDescriptor                        Descriptors.o
                                                  ../../../../LUFA/Drivers/USB/Core/DeviceStandardReq.o
CDC_Device_BytesReceived                          ../../../../LUFA/Drivers/USB/Class/Device/CDCClassDevice.o
CDC_Device_ConfigureEndpoints                     ../../../../LUFA/Drivers/USB/Class/Device/CDCClassDevice.o
                                                  DualVirtualSerial.o
CDC_Device_CreateBlockingStream                   ../../../../LUFA/Drivers/USB/Class/Device/CDCClassDevice.o
CDC_Device_CreateStream                           ../../../../LUFA/Drivers/USB/Class/Device/CDCClassDevice.o
CDC_Device_Event_Stub                             ../../../../LUFA/Drivers/USB/Class/Device/CDCClassDevice.o
CDC_Device_Flush                                  ../../../../LUFA/Drivers/USB/Class/Device/CDCClassDevice.o
CDC_Device_ProcessControlRequest                  ../../../../LUFA/Drivers/USB/Class/Device/CDCClassDevice.o
                                                  DualVirtualSerial.o
CDC_Device_ReceiveByte                            ../../../../LUFA/Drivers/USB/Class/Device/CDCClassDevice.o
                                                  DualVirtualSerial.o
CDC_Device_SendByte                               ../../../../LUFA/Drivers/USB/Class/Device/CDCClassDevice.o
                                                  DualVirtualSerial.o
CDC_Device_SendControlLineStateChange             ../../../../LUFA/Drivers/USB/Class/Device/CDCClassDevice.o
CDC_Device_SendData                               ../../../../LUFA/Drivers/USB/Class/Device/CDCClassDevice.o
CDC_Device_SendString                             ../../../../LUFA/Drivers/USB/Class/Device/CDCClassDevice.o
                                                  DualVirtualSerial.o
CDC_Device_USBTask                                ../../../../LUFA/Drivers/USB/Class/Device/CDCClassDevice.o
                                                  DualVirtualSerial.o
CheckJoystickMovement                             DualVirtualSerial.o
ConfigurationDescriptor                           Descriptors.o
DeviceDescriptor                                  Descriptors.o
EVENT_Audio_Device_StreamStartStop                ../../../../LUFA/Drivers/USB/Class/Device/AudioClassDevice.o
EVENT_CDC_Device_BreakSent                        ../../../../LUFA/Drivers/USB/Class/Device/CDCClassDevice.o
EVENT_CDC_Device_ControLineStateChanged           ../../../../LUFA/Drivers/USB/Class/Device/CDCClassDevice.o
EVENT_CDC_Device_LineEncodingChanged              ../../../../LUFA/Drivers/USB/Class/Device/CDCClassDevice.o
EVENT_USB_Device_ConfigurationChanged             DualVirtualSerial.o
                                                  ../../../../LUFA/Drivers/USB/Core/DeviceStandardReq.o
EVENT_USB_Device_Connect                          DualVirtualSerial.o
                                                  ../../../../LUFA/Drivers/USB/Core/AVR8/USBInterrupt_AVR8.o
EVENT_USB_Device_ControlRequest                   DualVirtualSerial.o
                                                  ../../../../LUFA/Drivers/USB/Core/DeviceStandardReq.o
EVENT_USB_Device_Disconnect                       DualVirtualSerial.o
                                                  ../../../../LUFA/Drivers/USB/Core/AVR8/USBInterrupt_AVR8.o
EVENT_USB_Device_Reset                            ../../../../LUFA/Drivers/USB/Core/Events.o
                                                  ../../../../LUFA/Drivers/USB/Core/AVR8/USBInterrupt_AVR8.o
EVENT_USB_Device_StartOfFrame                     ../../../../LUFA/Drivers/USB/Core/Events.o
                                                  ../../../../LUFA/Drivers/USB/Core/AVR8/USBInterrupt_AVR8.o
EVENT_USB_Device_Suspend                          ../../../../LUFA/Drivers/USB/Core/Events.o
                                                  ../../../../LUFA/Drivers/USB/Core/AVR8/USBInterrupt_AVR8.o
EVENT_USB_Device_WakeUp                           ../../../../LUFA/Drivers/USB/Core/Events.o
                                                  ../../../../LUFA/Drivers/USB/Core/AVR8/USBInterrupt_AVR8.o
Endpoint_ClearEndpoints                           ../../../../LUFA/Drivers/USB/Core/AVR8/Endpoint_AVR8.o
Endpoint_ClearStatusStage                         ../../../../LUFA/Drivers/USB/Core/AVR8/Endpoint_AVR8.o
                                                  ../../../../LUFA/Drivers/USB/Class/Device/MassStorageClassDevice.o
                                                  ../../../../LUFA/Drivers/USB/Class/Device/HIDClassDevice.o
                                                  ../../../../LUFA/Drivers/USB/Class/Device/CDCClassDevice.o
                                                  ../../../../LUFA/Drivers/USB/Class/Device/AudioClassDevice.o
                                                  ../../../../LUFA/Drivers/USB/Core/DeviceStandardReq.o
Endpoint_ConfigureEndpointTable                   ../../../../LUFA/Drivers/USB/Core/AVR8/Endpoint_AVR8.o
                                                  ../../../../LUFA/Drivers/USB/Class/Device/RNDISClassDevice.o
                                                  ../../../../LUFA/Drivers/USB/Class/Device/MIDIClassDevice.o
                                                  ../../../../LUFA/Drivers/USB/Class/Device/MassStorageClassDevice.o
                                                  ../../../../LUFA/Drivers/USB/Class/Device/HIDClassDevice.o
                                                  ../../../../LUFA/Drivers/USB/Class/Device/CDCClassDevice.o
                                                  ../../../../LUFA/Drivers/USB/Class/Device/AudioClassDevice.o
Endpoint_ConfigureEndpoint_Prv                    ../../../../LUFA/Drivers/USB/Core/AVR8/Endpoint_AVR8.o
                                                  ../../../../LUFA/Drivers/USB/Core/AVR8/USBInterrupt_AVR8.o
                                                  ../../../../LUFA/Drivers/USB/Core/AVR8/USBController_AVR8.o
Endpoint_Discard_Stream                           ../../../../LUFA/Drivers/USB/Core/AVR8/EndpointStream_AVR8.o
Endpoint_Null_Stream                              ../../../../LUFA/Drivers/USB/Core/AVR8/EndpointStream_AVR8.o
Endpoint_Read_Control_EStream_BE                  ../../../../LUFA/Drivers/USB/Core/AVR8/EndpointStream_AVR8.o
Endpoint_Read_Control_EStream_LE                  ../../../../LUFA/Drivers/USB/Core/AVR8/EndpointStream_AVR8.o
Endpoint_Read_Control_Stream_BE                   ../../../../LUFA/Drivers/USB/Core/AVR8/EndpointStream_AVR8.o
Endpoint_Read_Control_Stream_LE                   ../../../../LUFA/Drivers/USB/Core/AVR8/EndpointStream_AVR8.o
                                                  ../../../../LUFA/Drivers/USB/Class/Device/RNDISClassDevice.o
                                                  ../../../../LUFA/Drivers/USB/Class/Device/HIDClassDevice.o
                                                  ../../../../LUFA/Drivers/USB/Class/Device/AudioClassDevice.o
Endpoint_Read_EStream_BE                          ../../../../LUFA/Drivers/USB/Core/AVR8/EndpointStream_AVR8.o
Endpoint_Read_EStream_LE                          ../../../../LUFA/Drivers/USB/Core/AVR8/EndpointStream_AVR8.o
Endpoint_Read_Stream_BE                           ../../../../LUFA/Drivers/USB/Core/AVR8/EndpointStream_AVR8.o
Endpoint_Read_Stream_LE                           ../../../../LUFA/Drivers/USB/Core/AVR8/EndpointStream_AVR8.o
                                                  ../../../../LUFA/Drivers/USB/Class/Device/RNDISClassDevice.o
                                                  ../../../../LUFA/Drivers/USB/Class/Device/MIDIClassDevice.o
                                                  ../../../../LUFA/Drivers/USB/Class/Device/MassStorageClassDevice.o
Endpoint_WaitUntilReady                           ../../../../LUFA/Drivers/USB/Core/AVR8/Endpoint_AVR8.o
                                                  ../../../../LUFA/Drivers/USB/Class/Device/RNDISClassDevice.o
                                                  ../../../../LUFA/Drivers/USB/Class/Device/MIDIClassDevice.o
                                                  ../../../../LUFA/Drivers/USB/Class/Device/CDCClassDevice.o
                                                  ../../../../LUFA/Drivers/USB/Core/AVR8/EndpointStream_AVR8.o
Endpoint_Write_Control_EStream_BE                 ../../../../LUFA/Drivers/USB/Core/AVR8/EndpointStream_AVR8.o
Endpoint_Write_Control_EStream_LE                 ../../../../LUFA/Drivers/USB/Core/AVR8/EndpointStream_AVR8.o
Endpoint_Write_Control_PStream_BE                 ../../../../LUFA/Drivers/USB/Core/AVR8/EndpointStream_AVR8.o
Endpoint_Write_Control_PStream_LE                 ../../../../LUFA/Drivers/USB/Core/AVR8/EndpointStream_AVR8.o
                                                  ../../../../LUFA/Drivers/USB/Core/DeviceStandardReq.o
Endpoint_Write_Control_Stream_BE                  ../../../../LUFA/Drivers/USB/Core/AVR8/EndpointStream_AVR8.o
Endpoint_Write_Control_Stream_LE                  ../../../../LUFA/Drivers/USB/Core/AVR8/EndpointStream_AVR8.o
                                                  ../../../../LUFA/Drivers/USB/Class/Device/RNDISClassDevice.o
                                                  ../../../../LUFA/Drivers/USB/Class/Device/HIDClassDevice.o
                                                  ../../../../LUFA/Drivers/USB/Class/Device/AudioClassDevice.o
                                                  ../../../../LUFA/Drivers/USB/Core/DeviceStandardReq.o
Endpoint_Write_EStream_BE                         ../../../../LUFA/Drivers/USB/Core/AVR8/EndpointStream_AVR8.o
Endpoint_Write_EStream_LE                         ../../../../LUFA/Drivers/USB/Core/AVR8/EndpointStream_AVR8.o
Endpoint_Write_PStream_BE                         ../../../../LUFA/Drivers/USB/Core/AVR8/EndpointStream_AVR8.o
Endpoint_Write_PStream_LE                         ../../../../LUFA/Drivers/USB/Core/AVR8/EndpointStream_AVR8.o
Endpoint_Write_Stream_BE                          ../../../../LUFA/Drivers/USB/Core/AVR8/EndpointStream_AVR8.o
Endpoint_Write_Stream_LE                          ../../../../LUFA/Drivers/USB/Core/AVR8/EndpointStream_AVR8.o
                                                  ../../../../LUFA/Drivers/USB/Class/Device/RNDISClassDevice.o
                                                  ../../../../LUFA/Drivers/USB/Class/Device/MIDIClassDevice.o
                                                  ../../../../LUFA/Drivers/USB/Class/Device/MassStorageClassDevice.o
                                                  ../../../../LUFA/Drivers/USB/Class/Device/HIDClassDevice.o
                                                  ../../../../LUFA/Drivers/USB/Class/Device/CDCClassDevice.o
HID_Device_ConfigureEndpoints                     ../../../../LUFA/Drivers/USB/Class/Device/HIDClassDevice.o
HID_Device_ProcessControlRequest                  ../../../../LUFA/Drivers/USB/Class/Device/HIDClassDevice.o
HID_Device_USBTask                                ../../../../LUFA/Drivers/USB/Class/Device/HIDClassDevice.o
LanguageString                                    Descriptors.o
MIDI_Device_ConfigureEndpoints                    ../../../../LUFA/Drivers/USB/Class/Device/MIDIClassDevice.o
MIDI_Device_Flush                                 ../../../../LUFA/Drivers/USB/Class/Device/MIDIClassDevice.o
MIDI_Device_ReceiveEventPacket                    ../../../../LUFA/Drivers/USB/Class/Device/MIDIClassDevice.o
MIDI_Device_SendEventPacket                       ../../../../LUFA/Drivers/USB/Class/Device/MIDIClassDevice.o
MIDI_Device_USBTask                               ../../../../LUFA/Drivers/USB/Class/Device/MIDIClassDevice.o
MS_Device_ConfigureEndpoints                      ../../../../LUFA/Drivers/USB/Class/Device/MassStorageClassDevice.o
MS_Device_ProcessControlRequest                   ../../../../LUFA/Drivers/USB/Class/Device/MassStorageClassDevice.o
MS_Device_USBTask                                 ../../../../LUFA/Drivers/USB/Class/Device/MassStorageClassDevice.o
ManufacturerString                                Descriptors.o
ProductString                                     Descriptors.o
RNDIS_Device_ConfigureEndpoints                   ../../../../LUFA/Drivers/USB/Class/Device/RNDISClassDevice.o
RNDIS_Device_IsPacketReceived                     ../../../../LUFA/Drivers/USB/Class/Device/RNDISClassDevice.o
RNDIS_Device_ProcessControlRequest                ../../../../LUFA/Drivers/USB/Class/Device/RNDISClassDevice.o
RNDIS_Device_ReadPacket                           ../../../../LUFA/Drivers/USB/Class/Device/RNDISClassDevice.o
RNDIS_Device_SendPacket                           ../../../../LUFA/Drivers/USB/Class/Device/RNDISClassDevice.o
RNDIS_Device_USBTask                              ../../../../LUFA/Drivers/USB/Class/Device/RNDISClassDevice.o
SetupHardware                                     DualVirtualSerial.o
USB_ControlRequest                                ../../../../LUFA/Drivers/USB/Class/Device/RNDISClassDevice.o
                                                  ../../../../LUFA/Drivers/USB/Class/Device/MassStorageClassDevice.o
                                                  ../../../../LUFA/Drivers/USB/Class/Device/HIDClassDevice.o
                                                  ../../../../LUFA/Drivers/USB/Class/Device/CDCClassDevice.o
                                                  ../../../../LUFA/Drivers/USB/Class/Device/AudioClassDevice.o
                                                  ../../../../LUFA/Drivers/USB/Core/USBTask.o
                                                  ../../../../LUFA/Drivers/USB/Core/DeviceStandardReq.o
                                                  ../../../../LUFA/Drivers/USB/Core/AVR8/Endpoint_AVR8.o
                                                  ../../../../LUFA/Drivers/USB/Core/AVR8/EndpointStream_AVR8.o
USB_DeviceState                                   ../../../../LUFA/Drivers/USB/Class/Device/RNDISClassDevice.o
                                                  ../../../../LUFA/Drivers/USB/Class/Device/MIDIClassDevice.o
                                                  ../../../../LUFA/Drivers/USB/Class/Device/MassStorageClassDevice.o
                                                  ../../../../LUFA/Drivers/USB/Class/Device/HIDClassDevice.o
                                                  ../../../../LUFA/Drivers/USB/Class/Device/CDCClassDevice.o
                                                  ../../../../LUFA/Drivers/USB/Core/USBTask.o
                                                  ../../../../LUFA/Drivers/USB/Core/DeviceStandardReq.o
                                                  ../../../../LUFA/Drivers/USB/Core/AVR8/USBInterrupt_AVR8.o
                                                  ../../../../LUFA/Drivers/USB/Core/AVR8/USBController_AVR8.o
                                                  ../../../../LUFA/Drivers/USB/Core/AVR8/Endpoint_AVR8.o
                                                  ../../../../LUFA/Drivers/USB/Core/AVR8/EndpointStream_AVR8.o
USB_Device_ConfigurationNumber                    ../../../../LUFA/Drivers/USB/Core/DeviceStandardReq.o
                                                  ../../../../LUFA/Drivers/USB/Core/AVR8/USBInterrupt_AVR8.o
                                                  ../../../../LUFA/Drivers/USB/Core/AVR8/USBController_AVR8.o
USB_Device_CurrentlySelfPowered                   ../../../../LUFA/Drivers/USB/Core/DeviceStandardReq.o
                                                  ../../../../LUFA/Drivers/USB/Core/AVR8/USBController_AVR8.o
USB_Device_ProcessControlRequest                  ../../../../LUFA/Drivers/USB/Core/DeviceStandardReq.o
                                                  ../../../../LUFA/Drivers/USB/Core/USBTask.o
                                                  ../../../../LUFA/Drivers/USB/Core/AVR8/USBInterrupt_AVR8.o
USB_Device_RemoteWakeupEnabled                    ../../../../LUFA/Drivers/USB/Core/DeviceStandardReq.o
                                                  ../../../../LUFA/Drivers/USB/Core/AVR8/USBController_AVR8.o
USB_Device_SendRemoteWakeup                       ../../../../LUFA/Drivers/USB/Core/AVR8/Device_AVR8.o
USB_Disable                                       ../../../../LUFA/Drivers/USB/Core/AVR8/USBController_AVR8.o
USB_Event_Stub                                    ../../../../LUFA/Drivers/USB/Core/Events.o
USB_GetHIDReportItemInfo                          ../../../../LUFA/Drivers/USB/Class/Common/HIDParser.o
USB_GetHIDReportSize                              ../../../../LUFA/Drivers/USB/Class/Common/HIDParser.o
USB_GetNextDescriptorComp                         ../../../../LUFA/Drivers/USB/Core/ConfigDescriptors.o
USB_GetNextDescriptorOfType                       ../../../../LUFA/Drivers/USB/Core/ConfigDescriptors.o
USB_GetNextDescriptorOfTypeAfter                  ../../../../LUFA/Drivers/USB/Core/ConfigDescriptors.o
USB_GetNextDescriptorOfTypeBefore                 ../../../../LUFA/Drivers/USB/Core/ConfigDescriptors.o
USB_INT_ClearAllInterrupts                        ../../../../LUFA/Drivers/USB/Core/AVR8/USBInterrupt_AVR8.o
                                                  ../../../../LUFA/Drivers/USB/Core/AVR8/USBController_AVR8.o
USB_INT_DisableAllInterrupts                      ../../../../LUFA/Drivers/USB/Core/AVR8/USBInterrupt_AVR8.o
                                                  ../../../../LUFA/Drivers/USB/Core/AVR8/USBController_AVR8.o
USB_Init                                          ../../../../LUFA/Drivers/USB/Core/AVR8/USBController_AVR8.o
                                                  DualVirtualSerial.o
USB_IsInitialized                                 ../../../../LUFA/Drivers/USB/Core/USBTask.o
                                                  ../../../../LUFA/Drivers/USB/Core/AVR8/USBController_AVR8.o
USB_ProcessHIDReport                              ../../../../LUFA/Drivers/USB/Class/Common/HIDParser.o
USB_ResetInterface                                ../../../../LUFA/Drivers/USB/Core/AVR8/USBController_AVR8.o
USB_SetHIDReportItemInfo                          ../../../../LUFA/Drivers/USB/Class/Common/HIDParser.o
USB_USBTask                                       ../../../../LUFA/Drivers/USB/Core/USBTask.o
                                                  ../../../../LUFA/Drivers/USB/Class/Device/CDCClassDevice.o
                                                  DualVirtualSerial.o
VirtualSerial1_CDC_Interface                      DualVirtualSerial.o
VirtualSerial2_CDC_Interface                      DualVirtualSerial.o
__bad_interrupt                                   /usr/lib/gcc/avr/4.5.3/../../../avr/lib/avr51/crtusb1286.o
__bss_end                                         /usr/lib/gcc/avr/4.5.3/avr51/libgcc.a(_clear_bss.o)
__bss_start                                       /usr/lib/gcc/avr/4.5.3/avr51/libgcc.a(_clear_bss.o)
__data_end                                        /usr/lib/gcc/avr/4.5.3/avr51/libgcc.a(_copy_data.o)
__data_load_start                                 /usr/lib/gcc/avr/4.5.3/avr51/libgcc.a(_copy_data.o)
__data_start                                      /usr/lib/gcc/avr/4.5.3/avr51/libgcc.a(_copy_data.o)
__do_clear_bss                                    /usr/lib/gcc/avr/4.5.3/avr51/libgcc.a(_clear_bss.o)
                                                  ../../../../LUFA/Drivers/USB/Core/USBTask.o
                                                  ../../../../LUFA/Drivers/USB/Core/DeviceStandardReq.o
                                                  DualVirtualSerial.o
__do_copy_data                                    /usr/lib/gcc/avr/4.5.3/avr51/libgcc.a(_copy_data.o)
                                                  ../../../../LUFA/Drivers/USB/Class/Device/RNDISClassDevice.o
                                                  ../../../../LUFA/Drivers/USB/Class/Device/CDCClassDevice.o
                                                  DualVirtualSerial.o
__eerd_byte_usb1287                               /usr/lib/gcc/avr/4.5.3/../../../avr/lib/avr51/libc.a(eerd_byte_at90usb1287.o)
                                                  ../../../../LUFA/Drivers/USB/Core/AVR8/EndpointStream_AVR8.o
__eeupd_byte_usb1287                              /usr/lib/gcc/avr/4.5.3/../../../avr/lib/avr51/libc.a(eeupd_byte_at90usb1287.o)
                                                  ../../../../LUFA/Drivers/USB/Core/AVR8/EndpointStream_AVR8.o
__eeupd_r18_usb1287                               /usr/lib/gcc/avr/4.5.3/../../../avr/lib/avr51/libc.a(eeupd_byte_at90usb1287.o)
__heap_end                                        /usr/lib/gcc/avr/4.5.3/../../../avr/lib/avr51/crtusb1286.o
__init                                            /usr/lib/gcc/avr/4.5.3/../../../avr/lib/avr51/crtusb1286.o
__stack                                           /usr/lib/gcc/avr/4.5.3/../../../avr/lib/avr51/crtusb1286.o
__vector_1                                        /usr/lib/gcc/avr/4.5.3/../../../avr/lib/avr51/crtusb1286.o
__vector_10                                       ../../../../LUFA/Drivers/USB/Core/AVR8/USBInterrupt_AVR8.o
                                                  /usr/lib/gcc/avr/4.5.3/../../../avr/lib/avr51/crtusb1286.o
__vector_11                                       ../../../../LUFA/Drivers/USB/Core/AVR8/USBInterrupt_AVR8.o
                                                  /usr/lib/gcc/avr/4.5.3/../../../avr/lib/avr51/crtusb1286.o
__vector_12                                       /usr/lib/gcc/avr/4.5.3/../../../avr/lib/avr51/crtusb1286.o
__vector_13                                       /usr/lib/gcc/avr/4.5.3/../../../avr/lib/avr51/crtusb1286.o
__vector_14                                       /usr/lib/gcc/avr/4.5.3/../../../avr/lib/avr51/crtusb1286.o
__vector_15                                       /usr/lib/gcc/avr/4.5.3/../../../avr/lib/avr51/crtusb1286.o
__vector_16                                       /usr/lib/gcc/avr/4.5.3/../../../avr/lib/avr51/crtusb1286.o
__vector_17                                       /usr/lib/gcc/avr/4.5.3/../../../avr/lib/avr51/crtusb1286.o
__vector_18                                       /usr/lib/gcc/avr/4.5.3/../../../avr/lib/avr51/crtusb1286.o
__vector_19                                       /usr/lib/gcc/avr/4.5.3/../../../avr/lib/avr51/crtusb1286.o
__vector_2                                        /usr/lib/gcc/avr/4.5.3/../../../avr/lib/avr51/crtusb1286.o
__vector_20                                       /usr/lib/gcc/avr/4.5.3/../../../avr/lib/avr51/crtusb1286.o
__vector_21                                       /usr/lib/gcc/avr/4.5.3/../../../avr/lib/avr51/crtusb1286.o
__vector_22                                       /usr/lib/gcc/avr/4.5.3/../../../avr/lib/avr51/crtusb1286.o
__vector_23                                       /usr/lib/gcc/avr/4.5.3/../../../avr/lib/avr51/crtusb1286.o
__vector_24                                       /usr/lib/gcc/avr/4.5.3/../../../avr/lib/avr51/crtusb1286.o
__vector_25                                       /usr/lib/gcc/avr/4.5.3/../../../avr/lib/avr51/crtusb1286.o
__vector_26                                       /usr/lib/gcc/avr/4.5.3/../../../avr/lib/avr51/crtusb1286.o
__vector_27                                       /usr/lib/gcc/avr/4.5.3/../../../avr/lib/avr51/crtusb1286.o
__vector_28                                       /usr/lib/gcc/avr/4.5.3/../../../avr/lib/avr51/crtusb1286.o
__vector_29                                       /usr/lib/gcc/avr/4.5.3/../../../avr/lib/avr51/crtusb1286.o
__vector_3                                        /usr/lib/gcc/avr/4.5.3/../../../avr/lib/avr51/crtusb1286.o
__vector_30                                       /usr/lib/gcc/avr/4.5.3/../../../avr/lib/avr51/crtusb1286.o
__vector_31                                       /usr/lib/gcc/avr/4.5.3/../../../avr/lib/avr51/crtusb1286.o
__vector_32                                       /usr/lib/gcc/avr/4.5.3/../../../avr/lib/avr51/crtusb1286.o
__vector_33                                       /usr/lib/gcc/avr/4.5.3/../../../avr/lib/avr51/crtusb1286.o
__vector_34                                       /usr/lib/gcc/avr/4.5.3/../../../avr/lib/avr51/crtusb1286.o
__vector_35                                       /usr/lib/gcc/avr/4.5.3/../../../avr/lib/avr51/crtusb1286.o
__vector_36                                       /usr/lib/gcc/avr/4.5.3/../../../avr/lib/avr51/crtusb1286.o
__vector_37                                       /usr/lib/gcc/avr/4.5.3/../../../avr/lib/avr51/crtusb1286.o
__vector_4                                        /usr/lib/gcc/avr/4.5.3/../../../avr/lib/avr51/crtusb1286.o
__vector_5                                        /usr/lib/gcc/avr/4.5.3/../../../avr/lib/avr51/crtusb1286.o
__vector_6                                        /usr/lib/gcc/avr/4.5.3/../../../avr/lib/avr51/crtusb1286.o
__vector_7                                        /usr/lib/gcc/avr/4.5.3/../../../avr/lib/avr51/crtusb1286.o
__vector_8                                        /usr/lib/gcc/avr/4.5.3/../../../avr/lib/avr51/crtusb1286.o
__vector_9                                        /usr/lib/gcc/avr/4.5.3/../../../avr/lib/avr51/crtusb1286.o
__vector_default                                  /usr/lib/gcc/avr/4.5.3/../../../avr/lib/avr51/crtusb1286.o
__vectors                                         /usr/lib/gcc/avr/4.5.3/../../../avr/lib/avr51/crtusb1286.o
_exit                                             /usr/lib/gcc/avr/4.5.3/avr51/libgcc.a(_exit.o)
exit                                              /usr/lib/gcc/avr/4.5.3/avr51/libgcc.a(_exit.o)
                                                  /usr/lib/gcc/avr/4.5.3/../../../avr/lib/avr51/crtusb1286.o
main                                              DualVirtualSerial.o
                                                  /usr/lib/gcc/avr/4.5.3/../../../avr/lib/avr51/crtusb1286.o
memcmp                                            /usr/lib/gcc/avr/4.5.3/../../../avr/lib/avr51/libc.a(memcmp.o)
                                                  ../../../../LUFA/Drivers/USB/Class/Device/HIDClassDevice.o
memcpy                                            /usr/lib/gcc/avr/4.5.3/../../../avr/lib/avr51/libc.a(memcpy.o)
                                                  ../../../../LUFA/Drivers/USB/Class/Device/RNDISClassDevice.o
                                                  ../../../../LUFA/Drivers/USB/Class/Device/HIDClassDevice.o
memcpy_P                                          /usr/lib/gcc/avr/4.5.3/../../../avr/lib/avr51/libc.a(memcpy_P.o)
                                                  ../../../../LUFA/Drivers/USB/Class/Device/RNDISClassDevice.o
memset                                            /usr/lib/gcc/avr/4.5.3/../../../avr/lib/avr51/libc.a(memset.o)
                                                  ../../../../LUFA/Drivers/USB/Class/Device/HIDClassDevice.o
