Archive member included because of file (symbol)

/usr/lib/gcc/avr/4.5.3/avr51/libgcc.a(_exit.o)
                              /usr/lib/gcc/avr/4.5.3/../../../avr/lib/avr51/crtusb1286.o (exit)
/usr/lib/gcc/avr/4.5.3/avr51/libgcc.a(_copy_data.o)
                              MIDIHost.o (__do_copy_data)
/usr/lib/gcc/avr/4.5.3/avr51/libgcc.a(_clear_bss.o)
                              MIDIHost.o (__do_clear_bss)
/usr/lib/gcc/avr/4.5.3/../../../avr/lib/avr51/libc.a(iob.o)
                              ../../../../LUFA/Drivers/Peripheral/AVR8/Serial_AVR8.o (__iob)
/usr/lib/gcc/avr/4.5.3/../../../avr/lib/avr51/libc.a(printf_p.o)
                              MIDIHost.o (printf_P)
/usr/lib/gcc/avr/4.5.3/../../../avr/lib/avr51/libc.a(puts_p.o)
                              MIDIHost.o (puts_P)
/usr/lib/gcc/avr/4.5.3/../../../avr/lib/avr51/libc.a(vfprintf_std.o)
                              /usr/lib/gcc/avr/4.5.3/../../../avr/lib/avr51/libc.a(printf_p.o) (vfprintf)
/usr/lib/gcc/avr/4.5.3/../../../avr/lib/avr51/libc.a(eerd_byte_at90usb1287.o)
                              ../../../../LUFA/Drivers/USB/Core/AVR8/PipeStream_AVR8.o (__eerd_byte_usb1287)
/usr/lib/gcc/avr/4.5.3/../../../avr/lib/avr51/libc.a(eeupd_byte_at90usb1287.o)
                              ../../../../LUFA/Drivers/USB/Core/AVR8/PipeStream_AVR8.o (__eeupd_byte_usb1287)
/usr/lib/gcc/avr/4.5.3/../../../avr/lib/avr51/libc.a(strnlen_P.o)
                              /usr/lib/gcc/avr/4.5.3/../../../avr/lib/avr51/libc.a(vfprintf_std.o) (strnlen_P)
/usr/lib/gcc/avr/4.5.3/../../../avr/lib/avr51/libc.a(strnlen.o)
                              /usr/lib/gcc/avr/4.5.3/../../../avr/lib/avr51/libc.a(vfprintf_std.o) (strnlen)
/usr/lib/gcc/avr/4.5.3/../../../avr/lib/avr51/libc.a(fputc.o)
                              /usr/lib/gcc/avr/4.5.3/../../../avr/lib/avr51/libc.a(vfprintf_std.o) (fputc)
/usr/lib/gcc/avr/4.5.3/../../../avr/lib/avr51/libc.a(ultoa_invert.o)
                              /usr/lib/gcc/avr/4.5.3/../../../avr/lib/avr51/libc.a(vfprintf_std.o) (__ultoa_invert)

Allocating common symbols
Common symbol       size              file

USB_IsInitialized   0x1               ../../../../LUFA/Drivers/USB/Core/USBTask.o
USB_Host_ConfigurationNumber
                    0x1               ../../../../LUFA/Drivers/USB/Core/HostStandardReq.o
USARTSerialStream   0xe               ../../../../LUFA/Drivers/Peripheral/AVR8/Serial_AVR8.o
USB_ControlRequest  0x8               ../../../../LUFA/Drivers/USB/Core/USBTask.o
USB_HostState       0x1               ../../../../LUFA/Drivers/USB/Core/USBTask.o
__iob               0x6               /usr/lib/gcc/avr/4.5.3/../../../avr/lib/avr51/libc.a(iob.o)

Discarded input sections

 .data          0x00000000        0x0 /usr/lib/gcc/avr/4.5.3/../../../avr/lib/avr51/crtusb1286.o
 .bss           0x00000000        0x0 /usr/lib/gcc/avr/4.5.3/../../../avr/lib/avr51/crtusb1286.o
 .text          0x00000000        0x0 MIDIHost.o
 .text          0x00000000        0x0 ConfigDescriptor.o
 .data          0x00000000        0x0 ConfigDescriptor.o
 .bss           0x00000000        0x0 ConfigDescriptor.o
 .text          0x00000000        0x0 ../../../../LUFA/Drivers/USB/Class/Common/HIDParser.o
 .data          0x00000000        0x0 ../../../../LUFA/Drivers/USB/Class/Common/HIDParser.o
 .bss           0x00000000        0x0 ../../../../LUFA/Drivers/USB/Class/Common/HIDParser.o
 .text.USB_ProcessHIDReport
                0x00000000      0x816 ../../../../LUFA/Drivers/USB/Class/Common/HIDParser.o
 .text.USB_GetHIDReportItemInfo
                0x00000000       0xbc ../../../../LUFA/Drivers/USB/Class/Common/HIDParser.o
 .text.USB_SetHIDReportItemInfo
                0x00000000       0xc8 ../../../../LUFA/Drivers/USB/Class/Common/HIDParser.o
 .text.USB_GetHIDReportSize
                0x00000000       0x58 ../../../../LUFA/Drivers/USB/Class/Common/HIDParser.o
 .text          0x00000000        0x0 ../../../../LUFA/Drivers/USB/Core/AVR8/Device_AVR8.o
 .data          0x00000000        0x0 ../../../../LUFA/Drivers/USB/Core/AVR8/Device_AVR8.o
 .bss           0x00000000        0x0 ../../../../LUFA/Drivers/USB/Core/AVR8/Device_AVR8.o
 .text          0x00000000        0x0 ../../../../LUFA/Drivers/USB/Core/AVR8/EndpointStream_AVR8.o
 .data          0x00000000        0x0 ../../../../LUFA/Drivers/USB/Core/AVR8/EndpointStream_AVR8.o
 .bss           0x00000000        0x0 ../../../../LUFA/Drivers/USB/Core/AVR8/EndpointStream_AVR8.o
 .text          0x00000000        0x0 ../../../../LUFA/Drivers/USB/Core/AVR8/Endpoint_AVR8.o
 .data          0x00000000        0x0 ../../../../LUFA/Drivers/USB/Core/AVR8/Endpoint_AVR8.o
 .bss           0x00000000        0x0 ../../../../LUFA/Drivers/USB/Core/AVR8/Endpoint_AVR8.o
 .text          0x00000000        0x0 ../../../../LUFA/Drivers/USB/Core/AVR8/Host_AVR8.o
 .text          0x00000000        0x0 ../../../../LUFA/Drivers/USB/Core/AVR8/PipeStream_AVR8.o
 .data          0x00000000        0x0 ../../../../LUFA/Drivers/USB/Core/AVR8/PipeStream_AVR8.o
 .bss           0x00000000        0x0 ../../../../LUFA/Drivers/USB/Core/AVR8/PipeStream_AVR8.o
 .text.Pipe_Discard_Stream
                0x00000000       0x9a ../../../../LUFA/Drivers/USB/Core/AVR8/PipeStream_AVR8.o
 .text.Pipe_Null_Stream
                0x00000000       0x9e ../../../../LUFA/Drivers/USB/Core/AVR8/PipeStream_AVR8.o
 .text.Pipe_Write_Stream_BE
                0x00000000       0xba ../../../../LUFA/Drivers/USB/Core/AVR8/PipeStream_AVR8.o
 .text.Pipe_Read_Stream_BE
                0x00000000       0xba ../../../../LUFA/Drivers/USB/Core/AVR8/PipeStream_AVR8.o
 .text.Pipe_Write_PStream_LE
                0x00000000       0xce ../../../../LUFA/Drivers/USB/Core/AVR8/PipeStream_AVR8.o
 .text.Pipe_Write_PStream_BE
                0x00000000       0xba ../../../../LUFA/Drivers/USB/Core/AVR8/PipeStream_AVR8.o
 .text.Pipe_Write_EStream_LE
                0x00000000       0xd0 ../../../../LUFA/Drivers/USB/Core/AVR8/PipeStream_AVR8.o
 .text.Pipe_Write_EStream_BE
                0x00000000       0xbc ../../../../LUFA/Drivers/USB/Core/AVR8/PipeStream_AVR8.o
 .text.Pipe_Read_EStream_LE
                0x00000000       0xce ../../../../LUFA/Drivers/USB/Core/AVR8/PipeStream_AVR8.o
 .text.Pipe_Read_EStream_BE
                0x00000000       0xbe ../../../../LUFA/Drivers/USB/Core/AVR8/PipeStream_AVR8.o
 .text          0x00000000        0x0 ../../../../LUFA/Drivers/USB/Core/AVR8/Pipe_AVR8.o
 .bss           0x00000000        0x0 ../../../../LUFA/Drivers/USB/Core/AVR8/Pipe_AVR8.o
 .text.Pipe_ConfigurePipeTable
                0x00000000       0x50 ../../../../LUFA/Drivers/USB/Core/AVR8/Pipe_AVR8.o
 .text.Pipe_IsEndpointBound
                0x00000000       0x48 ../../../../LUFA/Drivers/USB/Core/AVR8/Pipe_AVR8.o
 .text          0x00000000        0x0 ../../../../LUFA/Drivers/USB/Core/AVR8/USBController_AVR8.o
 .data          0x00000000        0x0 ../../../../LUFA/Drivers/USB/Core/AVR8/USBController_AVR8.o
 .bss           0x00000000        0x0 ../../../../LUFA/Drivers/USB/Core/AVR8/USBController_AVR8.o
 .text          0x00000000        0x0 ../../../../LUFA/Drivers/USB/Core/AVR8/USBInterrupt_AVR8.o
 .data          0x00000000        0x0 ../../../../LUFA/Drivers/USB/Core/AVR8/USBInterrupt_AVR8.o
 .bss           0x00000000        0x0 ../../../../LUFA/Drivers/USB/Core/AVR8/USBInterrupt_AVR8.o
 .text          0x00000000        0x0 ../../../../LUFA/Drivers/USB/Core/ConfigDescriptors.o
 .data          0x00000000        0x0 ../../../../LUFA/Drivers/USB/Core/ConfigDescriptors.o
 .bss           0x00000000        0x0 ../../../../LUFA/Drivers/USB/Core/ConfigDescriptors.o
 .text.USB_GetNextDescriptorOfType
                0x00000000       0x4c ../../../../LUFA/Drivers/USB/Core/ConfigDescriptors.o
 .text.USB_GetNextDescriptorOfTypeBefore
                0x00000000       0x56 ../../../../LUFA/Drivers/USB/Core/ConfigDescriptors.o
 .text.USB_GetNextDescriptorOfTypeAfter
                0x00000000       0x34 ../../../../LUFA/Drivers/USB/Core/ConfigDescriptors.o
 .text          0x00000000        0x0 ../../../../LUFA/Drivers/USB/Core/DeviceStandardReq.o
 .data          0x00000000        0x0 ../../../../LUFA/Drivers/USB/Core/DeviceStandardReq.o
 .bss           0x00000000        0x0 ../../../../LUFA/Drivers/USB/Core/DeviceStandardReq.o
 .text          0x00000000        0x0 ../../../../LUFA/Drivers/USB/Core/Events.o
 .data          0x00000000        0x0 ../../../../LUFA/Drivers/USB/Core/Events.o
 .bss           0x00000000        0x0 ../../../../LUFA/Drivers/USB/Core/Events.o
 .text          0x00000000        0x0 ../../../../LUFA/Drivers/USB/Core/HostStandardReq.o
 .data          0x00000000        0x8 ../../../../LUFA/Drivers/USB/Core/HostStandardReq.o
 .bss           0x00000000        0x0 ../../../../LUFA/Drivers/USB/Core/HostStandardReq.o
 .text.USB_Host_GetDeviceConfiguration
                0x00000000       0x1c ../../../../LUFA/Drivers/USB/Core/HostStandardReq.o
 .text.USB_Host_GetDescriptor
                0x00000000       0x3a ../../../../LUFA/Drivers/USB/Core/HostStandardReq.o
 .text.USB_Host_GetDeviceStatus
                0x00000000       0x2c ../../../../LUFA/Drivers/USB/Core/HostStandardReq.o
 .text.USB_Host_ClearEndpointStall
                0x00000000       0x32 ../../../../LUFA/Drivers/USB/Core/HostStandardReq.o
 .text.USB_Host_SetInterfaceAltSetting
                0x00000000       0x32 ../../../../LUFA/Drivers/USB/Core/HostStandardReq.o
 .text.USB_Host_GetInterfaceAltSetting
                0x00000000       0x34 ../../../../LUFA/Drivers/USB/Core/HostStandardReq.o
 .text          0x00000000        0x0 ../../../../LUFA/Drivers/USB/Core/USBTask.o
 .data          0x00000000        0x0 ../../../../LUFA/Drivers/USB/Core/USBTask.o
 .bss           0x00000000        0x0 ../../../../LUFA/Drivers/USB/Core/USBTask.o
 .text          0x00000000        0x0 ../../../../LUFA/Drivers/Peripheral/AVR8/Serial_AVR8.o
 .data          0x00000000        0x0 ../../../../LUFA/Drivers/Peripheral/AVR8/Serial_AVR8.o
 .bss           0x00000000        0x0 ../../../../LUFA/Drivers/Peripheral/AVR8/Serial_AVR8.o
 .text.Serial_getchar_Blocking
                0x00000000       0x20 ../../../../LUFA/Drivers/Peripheral/AVR8/Serial_AVR8.o
 .text.Serial_SendString_P
                0x00000000       0x1a ../../../../LUFA/Drivers/Peripheral/AVR8/Serial_AVR8.o
 .text.Serial_SendString
                0x00000000       0x1c ../../../../LUFA/Drivers/Peripheral/AVR8/Serial_AVR8.o
 .text.Serial_SendData
                0x00000000       0x1e ../../../../LUFA/Drivers/Peripheral/AVR8/Serial_AVR8.o
 .text.Serial_CreateBlockingStream
                0x00000000       0x3a ../../../../LUFA/Drivers/Peripheral/AVR8/Serial_AVR8.o
 .text          0x00000000        0x0 /usr/lib/gcc/avr/4.5.3/avr51/libgcc.a(_exit.o)
 .data          0x00000000        0x0 /usr/lib/gcc/avr/4.5.3/avr51/libgcc.a(_exit.o)
 .bss           0x00000000        0x0 /usr/lib/gcc/avr/4.5.3/avr51/libgcc.a(_exit.o)
 .text.libgcc   0x00000000        0x0 /usr/lib/gcc/avr/4.5.3/avr51/libgcc.a(_exit.o)
 .text          0x00000000        0x0 /usr/lib/gcc/avr/4.5.3/avr51/libgcc.a(_copy_data.o)
 .data          0x00000000        0x0 /usr/lib/gcc/avr/4.5.3/avr51/libgcc.a(_copy_data.o)
 .bss           0x00000000        0x0 /usr/lib/gcc/avr/4.5.3/avr51/libgcc.a(_copy_data.o)
 .text.libgcc   0x00000000        0x0 /usr/lib/gcc/avr/4.5.3/avr51/libgcc.a(_copy_data.o)
 .text          0x00000000        0x0 /usr/lib/gcc/avr/4.5.3/avr51/libgcc.a(_clear_bss.o)
 .data          0x00000000        0x0 /usr/lib/gcc/avr/4.5.3/avr51/libgcc.a(_clear_bss.o)
 .bss           0x00000000        0x0 /usr/lib/gcc/avr/4.5.3/avr51/libgcc.a(_clear_bss.o)
 .text.libgcc   0x00000000        0x0 /usr/lib/gcc/avr/4.5.3/avr51/libgcc.a(_clear_bss.o)
 .text          0x00000000        0x0 /usr/lib/gcc/avr/4.5.3/../../../avr/lib/avr51/libc.a(iob.o)
 .data          0x00000000        0x0 /usr/lib/gcc/avr/4.5.3/../../../avr/lib/avr51/libc.a(iob.o)
 .bss           0x00000000        0x0 /usr/lib/gcc/avr/4.5.3/../../../avr/lib/avr51/libc.a(iob.o)
 .text          0x00000000        0x0 /usr/lib/gcc/avr/4.5.3/../../../avr/lib/avr51/libc.a(printf_p.o)
 .data          0x00000000        0x0 /usr/lib/gcc/avr/4.5.3/../../../avr/lib/avr51/libc.a(printf_p.o)
 .bss           0x00000000        0x0 /usr/lib/gcc/avr/4.5.3/../../../avr/lib/avr51/libc.a(printf_p.o)
 .text          0x00000000        0x0 /usr/lib/gcc/avr/4.5.3/../../../avr/lib/avr51/libc.a(puts_p.o)
 .data          0x00000000        0x0 /usr/lib/gcc/avr/4.5.3/../../../avr/lib/avr51/libc.a(puts_p.o)
 .bss           0x00000000        0x0 /usr/lib/gcc/avr/4.5.3/../../../avr/lib/avr51/libc.a(puts_p.o)
 .text          0x00000000        0x0 /usr/lib/gcc/avr/4.5.3/../../../avr/lib/avr51/libc.a(vfprintf_std.o)
 .data          0x00000000        0x0 /usr/lib/gcc/avr/4.5.3/../../../avr/lib/avr51/libc.a(vfprintf_std.o)
 .bss           0x00000000        0x0 /usr/lib/gcc/avr/4.5.3/../../../avr/lib/avr51/libc.a(vfprintf_std.o)
 .text          0x00000000        0x0 /usr/lib/gcc/avr/4.5.3/../../../avr/lib/avr51/libc.a(eerd_byte_at90usb1287.o)
 .data          0x00000000        0x0 /usr/lib/gcc/avr/4.5.3/../../../avr/lib/avr51/libc.a(eerd_byte_at90usb1287.o)
 .bss           0x00000000        0x0 /usr/lib/gcc/avr/4.5.3/../../../avr/lib/avr51/libc.a(eerd_byte_at90usb1287.o)
 .text.avr-libc
                0x00000000       0x10 /usr/lib/gcc/avr/4.5.3/../../../avr/lib/avr51/libc.a(eerd_byte_at90usb1287.o)
 .text          0x00000000        0x0 /usr/lib/gcc/avr/4.5.3/../../../avr/lib/avr51/libc.a(eeupd_byte_at90usb1287.o)
 .data          0x00000000        0x0 /usr/lib/gcc/avr/4.5.3/../../../avr/lib/avr51/libc.a(eeupd_byte_at90usb1287.o)
 .bss           0x00000000        0x0 /usr/lib/gcc/avr/4.5.3/../../../avr/lib/avr51/libc.a(eeupd_byte_at90usb1287.o)
 .text.avr-libc
                0x00000000       0x24 /usr/lib/gcc/avr/4.5.3/../../../avr/lib/avr51/libc.a(eeupd_byte_at90usb1287.o)
 .text          0x00000000        0x0 /usr/lib/gcc/avr/4.5.3/../../../avr/lib/avr51/libc.a(strnlen_P.o)
 .data          0x00000000        0x0 /usr/lib/gcc/avr/4.5.3/../../../avr/lib/avr51/libc.a(strnlen_P.o)
 .bss           0x00000000        0x0 /usr/lib/gcc/avr/4.5.3/../../../avr/lib/avr51/libc.a(strnlen_P.o)
 .text          0x00000000        0x0 /usr/lib/gcc/avr/4.5.3/../../../avr/lib/avr51/libc.a(strnlen.o)
 .data          0x00000000        0x0 /usr/lib/gcc/avr/4.5.3/../../../avr/lib/avr51/libc.a(strnlen.o)
 .bss           0x00000000        0x0 /usr/lib/gcc/avr/4.5.3/../../../avr/lib/avr51/libc.a(strnlen.o)
 .text          0x00000000        0x0 /usr/lib/gcc/avr/4.5.3/../../../avr/lib/avr51/libc.a(fputc.o)
 .data          0x00000000        0x0 /usr/lib/gcc/avr/4.5.3/../../../avr/lib/avr51/libc.a(fputc.o)
 .bss           0x00000000        0x0 /usr/lib/gcc/avr/4.5.3/../../../avr/lib/avr51/libc.a(fputc.o)
 .text          0x00000000        0x0 /usr/lib/gcc/avr/4.5.3/../../../avr/lib/avr51/libc.a(ultoa_invert.o)
 .data          0x00000000        0x0 /usr/lib/gcc/avr/4.5.3/../../../avr/lib/avr51/libc.a(ultoa_invert.o)
 .bss           0x00000000        0x0 /usr/lib/gcc/avr/4.5.3/../../../avr/lib/avr51/libc.a(ultoa_invert.o)

Memory Configuration

Name             Origin             Length             Attributes
text             0x00000000         0x00020000         xr
data             0x00800100         0x0000ff00         rw !x
eeprom           0x00810000         0x00010000         rw !x
fuse             0x00820000         0x00000400         rw !x
lock             0x00830000         0x00000400         rw !x
signature        0x00840000         0x00000400         rw !x
*default*        0x00000000         0xffffffff

Linker script and memory map

Address of section .data set to 0x800100
LOAD /usr/lib/gcc/avr/4.5.3/../../../avr/lib/avr51/crtusb1286.o
LOAD MIDIHost.o
LOAD ConfigDescriptor.o
LOAD ../../../../LUFA/Drivers/USB/Class/Common/HIDParser.o
LOAD ../../../../LUFA/Drivers/USB/Core/AVR8/Device_AVR8.o
LOAD ../../../../LUFA/Drivers/USB/Core/AVR8/EndpointStream_AVR8.o
LOAD ../../../../LUFA/Drivers/USB/Core/AVR8/Endpoint_AVR8.o
LOAD ../../../../LUFA/Drivers/USB/Core/AVR8/Host_AVR8.o
LOAD ../../../../LUFA/Drivers/USB/Core/AVR8/PipeStream_AVR8.o
LOAD ../../../../LUFA/Drivers/USB/Core/AVR8/Pipe_AVR8.o
LOAD ../../../../LUFA/Drivers/USB/Core/AVR8/USBController_AVR8.o
LOAD ../../../../LUFA/Drivers/USB/Core/AVR8/USBInterrupt_AVR8.o
LOAD ../../../../LUFA/Drivers/USB/Core/ConfigDescriptors.o
LOAD ../../../../LUFA/Drivers/USB/Core/DeviceStandardReq.o
LOAD ../../../../LUFA/Drivers/USB/Core/Events.o
LOAD ../../../../LUFA/Drivers/USB/Core/HostStandardReq.o
LOAD ../../../../LUFA/Drivers/USB/Core/USBTask.o
LOAD ../../../../LUFA/Drivers/Peripheral/AVR8/Serial_AVR8.o
LOAD /usr/lib/gcc/avr/4.5.3/../../../avr/lib/avr51/libm.a
LOAD /usr/lib/gcc/avr/4.5.3/avr51/libgcc.a
LOAD /usr/lib/gcc/avr/4.5.3/../../../avr/lib/avr51/libc.a
LOAD /usr/lib/gcc/avr/4.5.3/avr51/libgcc.a

.hash
 *(.hash)

.dynsym
 *(.dynsym)

.dynstr
 *(.dynstr)

.gnu.version
 *(.gnu.version)

.gnu.version_d
 *(.gnu.version_d)

.gnu.version_r
 *(.gnu.version_r)

.rel.init
 *(.rel.init)

.rela.init
 *(.rela.init)

.rel.text
 *(.rel.text)
 *(.rel.text.*)
 *(.rel.gnu.linkonce.t*)

.rela.text
 *(.rela.text)
 *(.rela.text.*)
 *(.rela.gnu.linkonce.t*)

.rel.fini
 *(.rel.fini)

.rela.fini
 *(.rela.fini)

.rel.rodata
 *(.rel.rodata)
 *(.rel.rodata.*)
 *(.rel.gnu.linkonce.r*)

.rela.rodata
 *(.rela.rodata)
 *(.rela.rodata.*)
 *(.rela.gnu.linkonce.r*)

.rel.data
 *(.rel.data)
 *(.rel.data.*)
 *(.rel.gnu.linkonce.d*)

.rela.data
 *(.rela.data)
 *(.rela.data.*)
 *(.rela.gnu.linkonce.d*)

.rel.ctors
 *(.rel.ctors)

.rela.ctors
 *(.rela.ctors)

.rel.dtors
 *(.rel.dtors)

.rela.dtors
 *(.rela.dtors)

.rel.got
 *(.rel.got)

.rela.got
 *(.rela.got)

.rel.bss
 *(.rel.bss)

.rela.bss
 *(.rela.bss)

.rel.plt
 *(.rel.plt)

.rela.plt
 *(.rela.plt)

.text           0x00000000     0x1aa6
 *(.vectors)
 .vectors       0x00000000       0x98 /usr/lib/gcc/avr/4.5.3/../../../avr/lib/avr51/crtusb1286.o
                0x00000000                __vectors
                0x00000000                __vector_default
 *(.vectors)
 *(.progmem.gcc*)
 *(.progmem*)
 .progmem.data  0x00000098      0x1e9 MIDIHost.o
                0x00000282                . = ALIGN (0x2)
 *fill*         0x00000281        0x1 00
                0x00000282                __trampolines_start = .
 *(.trampolines)
 .trampolines   0x00000282        0x0 linker stubs
 *(.trampolines*)
                0x00000282                __trampolines_end = .
 *(.jumptables)
 *(.jumptables*)
 *(.lowtext)
 *(.lowtext*)
                0x00000282                __ctors_start = .
 *(.ctors)
                0x00000282                __ctors_end = .
                0x00000282                __dtors_start = .
 *(.dtors)
                0x00000282                __dtors_end = .
 SORT(*)(.ctors)
 SORT(*)(.dtors)
 *(.init0)
 .init0         0x00000282        0x0 /usr/lib/gcc/avr/4.5.3/../../../avr/lib/avr51/crtusb1286.o
                0x00000282                __init
 *(.init0)
 *(.init1)
 *(.init1)
 *(.init2)
 .init2         0x00000282        0xc /usr/lib/gcc/avr/4.5.3/../../../avr/lib/avr51/crtusb1286.o
 *(.init2)
 *(.init3)
 *(.init3)
 *(.init4)
 .init4         0x0000028e       0x1a /usr/lib/gcc/avr/4.5.3/avr51/libgcc.a(_copy_data.o)
                0x0000028e                __do_copy_data
 .init4         0x000002a8       0x10 /usr/lib/gcc/avr/4.5.3/avr51/libgcc.a(_clear_bss.o)
                0x000002a8                __do_clear_bss
 *(.init4)
 *(.init5)
 *(.init5)
 *(.init6)
 *(.init6)
 *(.init7)
 *(.init7)
 *(.init8)
 *(.init8)
 *(.init9)
 .init9         0x000002b8        0x6 /usr/lib/gcc/avr/4.5.3/../../../avr/lib/avr51/crtusb1286.o
 *(.init9)
 *(.text)
 .text          0x000002be        0x2 /usr/lib/gcc/avr/4.5.3/../../../avr/lib/avr51/crtusb1286.o
                0x000002be                __vector_22
                0x000002be                __vector_28
                0x000002be                __vector_1
                0x000002be                __vector_32
                0x000002be                __vector_34
                0x000002be                __vector_24
                0x000002be                __vector_12
                0x000002be                __bad_interrupt
                0x000002be                __vector_6
                0x000002be                __vector_31
                0x000002be                __vector_35
                0x000002be                __vector_3
                0x000002be                __vector_23
                0x000002be                __vector_30
                0x000002be                __vector_25
                0x000002be                __vector_11
                0x000002be                __vector_13
                0x000002be                __vector_17
                0x000002be                __vector_19
                0x000002be                __vector_7
                0x000002be                __vector_27
                0x000002be                __vector_5
                0x000002be                __vector_33
                0x000002be                __vector_37
                0x000002be                __vector_4
                0x000002be                __vector_9
                0x000002be                __vector_2
                0x000002be                __vector_21
                0x000002be                __vector_15
                0x000002be                __vector_36
                0x000002be                __vector_29
                0x000002be                __vector_8
                0x000002be                __vector_26
                0x000002be                __vector_14
                0x000002be                __vector_16
                0x000002be                __vector_18
                0x000002be                __vector_20
                0x000002c0                . = ALIGN (0x2)
 *(.text.*)
 .text.LEDs_SetAllLEDs
                0x000002c0        0xa MIDIHost.o
 .text.SetupHardware
                0x000002ca       0x78 MIDIHost.o
                0x000002ca                SetupHardware
 .text.EVENT_USB_Host_DeviceAttached
                0x00000342        0xc MIDIHost.o
                0x00000342                EVENT_USB_Host_DeviceAttached
 .text.EVENT_USB_Host_DeviceUnattached
                0x0000034e        0xc MIDIHost.o
                0x0000034e                EVENT_USB_Host_DeviceUnattached
 .text.EVENT_USB_Host_DeviceEnumerationComplete
                0x0000035a       0x8a MIDIHost.o
                0x0000035a                EVENT_USB_Host_DeviceEnumerationComplete
 .text.EVENT_USB_Host_HostError
                0x000003e4       0x40 MIDIHost.o
                0x000003e4                EVENT_USB_Host_HostError
 .text.EVENT_USB_Host_DeviceEnumerationFailed
                0x00000424       0x52 MIDIHost.o
                0x00000424                EVENT_USB_Host_DeviceEnumerationFailed
 .text.MIDIHost_Task
                0x00000476      0x1ba MIDIHost.o
                0x00000476                MIDIHost_Task
 .text.main     0x00000630       0x14 MIDIHost.o
                0x00000630                main
 .text.DComp_NextMIDIStreamingInterface
                0x00000644       0x22 ConfigDescriptor.o
                0x00000644                DComp_NextMIDIStreamingInterface
 .text.DComp_NextMIDIStreamingDataEndpoint
                0x00000666       0x22 ConfigDescriptor.o
                0x00000666                DComp_NextMIDIStreamingDataEndpoint
 .text.ProcessConfigurationDescriptor
                0x00000688      0x112 ConfigDescriptor.o
                0x00000688                ProcessConfigurationDescriptor
 .text.USB_Host_ResetDevice
                0x0000079a       0xac ../../../../LUFA/Drivers/USB/Core/AVR8/Host_AVR8.o
 .text.USB_Host_WaitMS
                0x00000846       0xaa ../../../../LUFA/Drivers/USB/Core/AVR8/Host_AVR8.o
                0x00000846                USB_Host_WaitMS
 .text.USB_Host_ProcessNextHostState
                0x000008f0      0x252 ../../../../LUFA/Drivers/USB/Core/AVR8/Host_AVR8.o
                0x000008f0                USB_Host_ProcessNextHostState
 .text.Pipe_Write_Stream_LE
                0x00000b42       0xc6 ../../../../LUFA/Drivers/USB/Core/AVR8/PipeStream_AVR8.o
                0x00000b42                Pipe_Write_Stream_LE
 .text.Pipe_Read_Stream_LE
                0x00000c08       0xc6 ../../../../LUFA/Drivers/USB/Core/AVR8/PipeStream_AVR8.o
                0x00000c08                Pipe_Read_Stream_LE
 .text.Pipe_ConfigurePipe
                0x00000cce       0xce ../../../../LUFA/Drivers/USB/Core/AVR8/Pipe_AVR8.o
                0x00000cce                Pipe_ConfigurePipe
 .text.Pipe_ClearPipes
                0x00000d9c       0x2c ../../../../LUFA/Drivers/USB/Core/AVR8/Pipe_AVR8.o
                0x00000d9c                Pipe_ClearPipes
 .text.Pipe_WaitUntilReady
                0x00000dc8       0x5e ../../../../LUFA/Drivers/USB/Core/AVR8/Pipe_AVR8.o
                0x00000dc8                Pipe_WaitUntilReady
 .text.USB_Disable
                0x00000e26       0x30 ../../../../LUFA/Drivers/USB/Core/AVR8/USBController_AVR8.o
                0x00000e26                USB_Disable
 .text.USB_ResetInterface
                0x00000e56       0xa0 ../../../../LUFA/Drivers/USB/Core/AVR8/USBController_AVR8.o
                0x00000e56                USB_ResetInterface
 .text.USB_Init
                0x00000ef6       0x1c ../../../../LUFA/Drivers/USB/Core/AVR8/USBController_AVR8.o
                0x00000ef6                USB_Init
 .text.USB_INT_DisableAllInterrupts
                0x00000f12       0x10 ../../../../LUFA/Drivers/USB/Core/AVR8/USBInterrupt_AVR8.o
                0x00000f12                USB_INT_DisableAllInterrupts
 .text.USB_INT_ClearAllInterrupts
                0x00000f22        0xa ../../../../LUFA/Drivers/USB/Core/AVR8/USBInterrupt_AVR8.o
                0x00000f22                USB_INT_ClearAllInterrupts
 .text.__vector_10
                0x00000f2c      0x126 ../../../../LUFA/Drivers/USB/Core/AVR8/USBInterrupt_AVR8.o
                0x00000f2c                __vector_10
 .text.USB_Host_GetDeviceConfigDescriptor
                0x00001052       0xae ../../../../LUFA/Drivers/USB/Core/ConfigDescriptors.o
                0x00001052                USB_Host_GetDeviceConfigDescriptor
 .text.USB_GetNextDescriptorComp
                0x00001100       0x86 ../../../../LUFA/Drivers/USB/Core/ConfigDescriptors.o
                0x00001100                USB_GetNextDescriptorComp
 .text.USB_Event_Stub
                0x00001186        0x2 ../../../../LUFA/Drivers/USB/Core/Events.o
                0x00001186                USB_Event_Stub
                0x00001186                EVENT_USB_Host_StartOfFrame
 .text.USB_Host_WaitForIOS
                0x00001188       0x52 ../../../../LUFA/Drivers/USB/Core/HostStandardReq.o
 .text.USB_Host_SendControlRequest
                0x000011da      0x1fe ../../../../LUFA/Drivers/USB/Core/HostStandardReq.o
                0x000011da                USB_Host_SendControlRequest
 .text.USB_Host_SetDeviceConfiguration
                0x000013d8       0x4a ../../../../LUFA/Drivers/USB/Core/HostStandardReq.o
                0x000013d8                USB_Host_SetDeviceConfiguration
 .text.USB_USBTask
                0x00001422       0x1a ../../../../LUFA/Drivers/USB/Core/USBTask.o
                0x00001422                USB_USBTask
 .text.Serial_putchar
                0x0000143c       0x12 ../../../../LUFA/Drivers/Peripheral/AVR8/Serial_AVR8.o
                0x0000143c                Serial_putchar
 .text.Serial_getchar
                0x0000144e       0x26 ../../../../LUFA/Drivers/Peripheral/AVR8/Serial_AVR8.o
                0x0000144e                Serial_getchar
 .text.Serial_CreateStream
                0x00001474       0x3a ../../../../LUFA/Drivers/Peripheral/AVR8/Serial_AVR8.o
                0x00001474                Serial_CreateStream
 .text.avr-libc
                0x000014ae       0x3e /usr/lib/gcc/avr/4.5.3/../../../avr/lib/avr51/libc.a(printf_p.o)
                0x000014ae                printf_P
 .text.avr-libc
                0x000014ec       0x70 /usr/lib/gcc/avr/4.5.3/../../../avr/lib/avr51/libc.a(puts_p.o)
                0x000014ec                puts_P
 .text.avr-libc
                0x0000155c      0x406 /usr/lib/gcc/avr/4.5.3/../../../avr/lib/avr51/libc.a(vfprintf_std.o)
                0x0000155c                vfprintf
 .text.avr-libc
                0x00001962       0x16 /usr/lib/gcc/avr/4.5.3/../../../avr/lib/avr51/libc.a(strnlen_P.o)
                0x00001962                strnlen_P
 .text.avr-libc
                0x00001978       0x16 /usr/lib/gcc/avr/4.5.3/../../../avr/lib/avr51/libc.a(strnlen.o)
                0x00001978                strnlen
 .text.avr-libc
                0x0000198e       0x58 /usr/lib/gcc/avr/4.5.3/../../../avr/lib/avr51/libc.a(fputc.o)
                0x0000198e                fputc
 .text.avr-libc
                0x000019e6       0xbc /usr/lib/gcc/avr/4.5.3/../../../avr/lib/avr51/libc.a(ultoa_invert.o)
                0x000019e6                __ultoa_invert
                0x00001aa2                . = ALIGN (0x2)
 *(.fini9)
 .fini9         0x00001aa2        0x0 /usr/lib/gcc/avr/4.5.3/avr51/libgcc.a(_exit.o)
                0x00001aa2                exit
                0x00001aa2                _exit
 *(.fini9)
 *(.fini8)
 *(.fini8)
 *(.fini7)
 *(.fini7)
 *(.fini6)
 *(.fini6)
 *(.fini5)
 *(.fini5)
 *(.fini4)
 *(.fini4)
 *(.fini3)
 *(.fini3)
 *(.fini2)
 *(.fini2)
 *(.fini1)
 *(.fini1)
 *(.fini0)
 .fini0         0x00001aa2        0x4 /usr/lib/gcc/avr/4.5.3/avr51/libgcc.a(_exit.o)
 *(.fini0)
                0x00001aa6                _etext = .

.data           0x00800100       0x18 load address 0x00001aa6
                0x00800100                PROVIDE (__data_start, .)
 *(.data)
 .data          0x00800100        0x7 MIDIHost.o
 .data          0x00800107       0x10 ../../../../LUFA/Drivers/USB/Core/AVR8/Host_AVR8.o
 .data          0x00800117        0x1 ../../../../LUFA/Drivers/USB/Core/AVR8/Pipe_AVR8.o
                0x00800117                USB_Host_ControlPipeSize
 *(.data*)
 *(.rodata)
 *(.rodata*)
 *(.gnu.linkonce.d*)
                0x00800118                . = ALIGN (0x2)
                0x00800118                _edata = .
                0x00800118                PROVIDE (__data_end, .)

.bss            0x00800118       0x23
                0x00800118                PROVIDE (__bss_start, .)
 *(.bss)
 .bss           0x00800118        0x1 MIDIHost.o
 .bss           0x00800119        0x3 ../../../../LUFA/Drivers/USB/Core/AVR8/Host_AVR8.o
 *(.bss*)
 *(COMMON)
 COMMON         0x0080011c        0x1 ../../../../LUFA/Drivers/USB/Core/HostStandardReq.o
                0x0080011c                USB_Host_ConfigurationNumber
 COMMON         0x0080011d        0xa ../../../../LUFA/Drivers/USB/Core/USBTask.o
                0x0080011d                USB_IsInitialized
                0x0080011e                USB_ControlRequest
                0x00800126                USB_HostState
 COMMON         0x00800127        0xe ../../../../LUFA/Drivers/Peripheral/AVR8/Serial_AVR8.o
                0x00800127                USARTSerialStream
 COMMON         0x00800135        0x6 /usr/lib/gcc/avr/4.5.3/../../../avr/lib/avr51/libc.a(iob.o)
                0x00800135                __iob
                0x0080013b                PROVIDE (__bss_end, .)
                0x00001aa6                __data_load_start = LOADADDR (.data)
                0x00001abe                __data_load_end = (__data_load_start + SIZEOF (.data))

.noinit         0x0080013b        0x0
                0x0080013b                PROVIDE (__noinit_start, .)
 *(.noinit*)
                0x0080013b                PROVIDE (__noinit_end, .)
                0x0080013b                _end = .
                0x0080013b                PROVIDE (__heap_start, .)

.eeprom         0x00810000        0x0
 *(.eeprom*)
                0x00810000                __eeprom_end = .

.fuse
 *(.fuse)
 *(.lfuse)
 *(.hfuse)
 *(.efuse)

.lock
 *(.lock*)

.signature
 *(.signature*)

.stab           0x00000000     0x21a8
 *(.stab)
 .stab          0x00000000      0x6cc /usr/lib/gcc/avr/4.5.3/../../../avr/lib/avr51/crtusb1286.o
 .stab          0x000006cc      0x300 /usr/lib/gcc/avr/4.5.3/../../../avr/lib/avr51/libc.a(iob.o)
                                0x30c (size before relaxing)
 .stab          0x000009cc      0x1a4 /usr/lib/gcc/avr/4.5.3/../../../avr/lib/avr51/libc.a(printf_p.o)
                                0x384 (size before relaxing)
 .stab          0x00000b70      0x294 /usr/lib/gcc/avr/4.5.3/../../../avr/lib/avr51/libc.a(puts_p.o)
                                0x474 (size before relaxing)
 .stab          0x00000e04      0xa68 /usr/lib/gcc/avr/4.5.3/../../../avr/lib/avr51/libc.a(vfprintf_std.o)
                                0xcd8 (size before relaxing)
 .stab          0x0000186c       0x90 /usr/lib/gcc/avr/4.5.3/../../../avr/lib/avr51/libc.a(eerd_byte_at90usb1287.o)
                                 0x9c (size before relaxing)
 .stab          0x000018fc      0x114 /usr/lib/gcc/avr/4.5.3/../../../avr/lib/avr51/libc.a(eeupd_byte_at90usb1287.o)
                                0x120 (size before relaxing)
 .stab          0x00001a10       0x9c /usr/lib/gcc/avr/4.5.3/../../../avr/lib/avr51/libc.a(strnlen_P.o)
                                 0xa8 (size before relaxing)
 .stab          0x00001aac       0x9c /usr/lib/gcc/avr/4.5.3/../../../avr/lib/avr51/libc.a(strnlen.o)
                                 0xa8 (size before relaxing)
 .stab          0x00001b48      0x1e0 /usr/lib/gcc/avr/4.5.3/../../../avr/lib/avr51/libc.a(fputc.o)
                                0x3c0 (size before relaxing)
 .stab          0x00001d28      0x480 /usr/lib/gcc/avr/4.5.3/../../../avr/lib/avr51/libc.a(ultoa_invert.o)
                                0x48c (size before relaxing)

.stabstr        0x00000000      0xd7e
 *(.stabstr)
 .stabstr       0x00000000      0xd7e /usr/lib/gcc/avr/4.5.3/../../../avr/lib/avr51/crtusb1286.o

.stab.excl
 *(.stab.excl)

.stab.exclstr
 *(.stab.exclstr)

.stab.index
 *(.stab.index)

.stab.indexstr
 *(.stab.indexstr)

.comment
 *(.comment)

.debug
 *(.debug)

.line
 *(.line)

.debug_srcinfo
 *(.debug_srcinfo)

.debug_sfnames
 *(.debug_sfnames)

.debug_aranges  0x00000000      0x348
 *(.debug_aranges)
 .debug_aranges
                0x00000000       0x60 MIDIHost.o
 .debug_aranges
                0x00000060       0x30 ConfigDescriptor.o
 .debug_aranges
                0x00000090       0x38 ../../../../LUFA/Drivers/USB/Class/Common/HIDParser.o
 .debug_aranges
                0x000000c8       0x30 ../../../../LUFA/Drivers/USB/Core/AVR8/Host_AVR8.o
 .debug_aranges
                0x000000f8       0x78 ../../../../LUFA/Drivers/USB/Core/AVR8/PipeStream_AVR8.o
 .debug_aranges
                0x00000170       0x40 ../../../../LUFA/Drivers/USB/Core/AVR8/Pipe_AVR8.o
 .debug_aranges
                0x000001b0       0x30 ../../../../LUFA/Drivers/USB/Core/AVR8/USBController_AVR8.o
 .debug_aranges
                0x000001e0       0x30 ../../../../LUFA/Drivers/USB/Core/AVR8/USBInterrupt_AVR8.o
 .debug_aranges
                0x00000210       0x40 ../../../../LUFA/Drivers/USB/Core/ConfigDescriptors.o
 .debug_aranges
                0x00000250       0x20 ../../../../LUFA/Drivers/USB/Core/Events.o
 .debug_aranges
                0x00000270       0x60 ../../../../LUFA/Drivers/USB/Core/HostStandardReq.o
 .debug_aranges
                0x000002d0       0x20 ../../../../LUFA/Drivers/USB/Core/USBTask.o
 .debug_aranges
                0x000002f0       0x58 ../../../../LUFA/Drivers/Peripheral/AVR8/Serial_AVR8.o

.debug_pubnames
                0x00000000      0x833
 *(.debug_pubnames)
 .debug_pubnames
                0x00000000       0xfa MIDIHost.o
 .debug_pubnames
                0x000000fa       0x82 ConfigDescriptor.o
 .debug_pubnames
                0x0000017c       0x7e ../../../../LUFA/Drivers/USB/Class/Common/HIDParser.o
 .debug_pubnames
                0x000001fa       0x48 ../../../../LUFA/Drivers/USB/Core/AVR8/Host_AVR8.o
 .debug_pubnames
                0x00000242      0x13b ../../../../LUFA/Drivers/USB/Core/AVR8/PipeStream_AVR8.o
 .debug_pubnames
                0x0000037d       0xa7 ../../../../LUFA/Drivers/USB/Core/AVR8/Pipe_AVR8.o
 .debug_pubnames
                0x00000424       0x46 ../../../../LUFA/Drivers/USB/Core/AVR8/USBController_AVR8.o
 .debug_pubnames
                0x0000046a       0x62 ../../../../LUFA/Drivers/USB/Core/AVR8/USBInterrupt_AVR8.o
 .debug_pubnames
                0x000004cc       0xc2 ../../../../LUFA/Drivers/USB/Core/ConfigDescriptors.o
 .debug_pubnames
                0x0000058e       0x25 ../../../../LUFA/Drivers/USB/Core/Events.o
 .debug_pubnames
                0x000005b3      0x13b ../../../../LUFA/Drivers/USB/Core/HostStandardReq.o
 .debug_pubnames
                0x000006ee       0x61 ../../../../LUFA/Drivers/USB/Core/USBTask.o
 .debug_pubnames
                0x0000074f       0xe4 ../../../../LUFA/Drivers/Peripheral/AVR8/Serial_AVR8.o

.debug_info     0x00000000     0x4deb
 *(.debug_info)
 .debug_info    0x00000000      0x656 MIDIHost.o
 .debug_info    0x00000656      0x447 ConfigDescriptor.o
 .debug_info    0x00000a9d      0x6f9 ../../../../LUFA/Drivers/USB/Class/Common/HIDParser.o
 .debug_info    0x00001196       0x6c ../../../../LUFA/Drivers/USB/Core/AVR8/Device_AVR8.o
 .debug_info    0x00001202       0x6c ../../../../LUFA/Drivers/USB/Core/AVR8/EndpointStream_AVR8.o
 .debug_info    0x0000126e       0x6c ../../../../LUFA/Drivers/USB/Core/AVR8/Endpoint_AVR8.o
 .debug_info    0x000012da      0xa3a ../../../../LUFA/Drivers/USB/Core/AVR8/Host_AVR8.o
 .debug_info    0x00001d14      0xac6 ../../../../LUFA/Drivers/USB/Core/AVR8/PipeStream_AVR8.o
 .debug_info    0x000027da      0x668 ../../../../LUFA/Drivers/USB/Core/AVR8/Pipe_AVR8.o
 .debug_info    0x00002e42      0x404 ../../../../LUFA/Drivers/USB/Core/AVR8/USBController_AVR8.o
 .debug_info    0x00003246      0x489 ../../../../LUFA/Drivers/USB/Core/AVR8/USBInterrupt_AVR8.o
 .debug_info    0x000036cf      0x63f ../../../../LUFA/Drivers/USB/Core/ConfigDescriptors.o
 .debug_info    0x00003d0e       0x6c ../../../../LUFA/Drivers/USB/Core/DeviceStandardReq.o
 .debug_info    0x00003d7a       0x85 ../../../../LUFA/Drivers/USB/Core/Events.o
 .debug_info    0x00003dff      0x988 ../../../../LUFA/Drivers/USB/Core/HostStandardReq.o
 .debug_info    0x00004787      0x203 ../../../../LUFA/Drivers/USB/Core/USBTask.o
 .debug_info    0x0000498a      0x461 ../../../../LUFA/Drivers/Peripheral/AVR8/Serial_AVR8.o
 *(.gnu.linkonce.wi.*)

.debug_abbrev   0x00000000     0x15db
 *(.debug_abbrev)
 .debug_abbrev  0x00000000      0x239 MIDIHost.o
 .debug_abbrev  0x00000239      0x126 ConfigDescriptor.o
 .debug_abbrev  0x0000035f      0x1ec ../../../../LUFA/Drivers/USB/Class/Common/HIDParser.o
 .debug_abbrev  0x0000054b       0x2a ../../../../LUFA/Drivers/USB/Core/AVR8/Device_AVR8.o
 .debug_abbrev  0x00000575       0x2a ../../../../LUFA/Drivers/USB/Core/AVR8/EndpointStream_AVR8.o
 .debug_abbrev  0x0000059f       0x2a ../../../../LUFA/Drivers/USB/Core/AVR8/Endpoint_AVR8.o
 .debug_abbrev  0x000005c9      0x294 ../../../../LUFA/Drivers/USB/Core/AVR8/Host_AVR8.o
 .debug_abbrev  0x0000085d      0x164 ../../../../LUFA/Drivers/USB/Core/AVR8/PipeStream_AVR8.o
 .debug_abbrev  0x000009c1      0x21a ../../../../LUFA/Drivers/USB/Core/AVR8/Pipe_AVR8.o
 .debug_abbrev  0x00000bdb      0x13d ../../../../LUFA/Drivers/USB/Core/AVR8/USBController_AVR8.o
 .debug_abbrev  0x00000d18      0x12a ../../../../LUFA/Drivers/USB/Core/AVR8/USBInterrupt_AVR8.o
 .debug_abbrev  0x00000e42      0x1ca ../../../../LUFA/Drivers/USB/Core/ConfigDescriptors.o
 .debug_abbrev  0x0000100c       0x2a ../../../../LUFA/Drivers/USB/Core/DeviceStandardReq.o
 .debug_abbrev  0x00001036       0x41 ../../../../LUFA/Drivers/USB/Core/Events.o
 .debug_abbrev  0x00001077      0x278 ../../../../LUFA/Drivers/USB/Core/HostStandardReq.o
 .debug_abbrev  0x000012ef      0x116 ../../../../LUFA/Drivers/USB/Core/USBTask.o
 .debug_abbrev  0x00001405      0x1d6 ../../../../LUFA/Drivers/Peripheral/AVR8/Serial_AVR8.o

.debug_line     0x00000000     0x458f
 *(.debug_line)
 .debug_line    0x00000000      0x796 MIDIHost.o
 .debug_line    0x00000796      0x30a ConfigDescriptor.o
 .debug_line    0x00000aa0      0x758 ../../../../LUFA/Drivers/USB/Class/Common/HIDParser.o
 .debug_line    0x000011f8       0x3e ../../../../LUFA/Drivers/USB/Core/AVR8/Device_AVR8.o
 .debug_line    0x00001236       0x3e ../../../../LUFA/Drivers/USB/Core/AVR8/EndpointStream_AVR8.o
 .debug_line    0x00001274       0x3e ../../../../LUFA/Drivers/USB/Core/AVR8/Endpoint_AVR8.o
 .debug_line    0x000012b2      0x864 ../../../../LUFA/Drivers/USB/Core/AVR8/Host_AVR8.o
 .debug_line    0x00001b16      0xca1 ../../../../LUFA/Drivers/USB/Core/AVR8/PipeStream_AVR8.o
 .debug_line    0x000027b7      0x5e4 ../../../../LUFA/Drivers/USB/Core/AVR8/Pipe_AVR8.o
 .debug_line    0x00002d9b      0x3c4 ../../../../LUFA/Drivers/USB/Core/AVR8/USBController_AVR8.o
 .debug_line    0x0000315f      0x40e ../../../../LUFA/Drivers/USB/Core/AVR8/USBInterrupt_AVR8.o
 .debug_line    0x0000356d      0x38f ../../../../LUFA/Drivers/USB/Core/ConfigDescriptors.o
 .debug_line    0x000038fc       0x3e ../../../../LUFA/Drivers/USB/Core/DeviceStandardReq.o
 .debug_line    0x0000393a       0x86 ../../../../LUFA/Drivers/USB/Core/Events.o
 .debug_line    0x000039c0      0x6f3 ../../../../LUFA/Drivers/USB/Core/HostStandardReq.o
 .debug_line    0x000040b3      0x198 ../../../../LUFA/Drivers/USB/Core/USBTask.o
 .debug_line    0x0000424b      0x344 ../../../../LUFA/Drivers/Peripheral/AVR8/Serial_AVR8.o

.debug_frame    0x00000000      0x4f0
 *(.debug_frame)
 .debug_frame   0x00000000       0xa0 MIDIHost.o
 .debug_frame   0x000000a0       0x40 ConfigDescriptor.o
 .debug_frame   0x000000e0       0x50 ../../../../LUFA/Drivers/USB/Class/Common/HIDParser.o
 .debug_frame   0x00000130       0x40 ../../../../LUFA/Drivers/USB/Core/AVR8/Host_AVR8.o
 .debug_frame   0x00000170       0xd0 ../../../../LUFA/Drivers/USB/Core/AVR8/PipeStream_AVR8.o
 .debug_frame   0x00000240       0x60 ../../../../LUFA/Drivers/USB/Core/AVR8/Pipe_AVR8.o
 .debug_frame   0x000002a0       0x40 ../../../../LUFA/Drivers/USB/Core/AVR8/USBController_AVR8.o
 .debug_frame   0x000002e0       0x40 ../../../../LUFA/Drivers/USB/Core/AVR8/USBInterrupt_AVR8.o
 .debug_frame   0x00000320       0x60 ../../../../LUFA/Drivers/USB/Core/ConfigDescriptors.o
 .debug_frame   0x00000380       0x20 ../../../../LUFA/Drivers/USB/Core/Events.o
 .debug_frame   0x000003a0       0xa0 ../../../../LUFA/Drivers/USB/Core/HostStandardReq.o
 .debug_frame   0x00000440       0x20 ../../../../LUFA/Drivers/USB/Core/USBTask.o
 .debug_frame   0x00000460       0x90 ../../../../LUFA/Drivers/Peripheral/AVR8/Serial_AVR8.o

.debug_str      0x00000000     0x251b
 *(.debug_str)
 .debug_str     0x00000000      0x676 MIDIHost.o
                                0x6e3 (size before relaxing)
 .debug_str     0x00000676      0x538 ConfigDescriptor.o
                                0x719 (size before relaxing)
 .debug_str     0x00000bae      0x497 ../../../../LUFA/Drivers/USB/Class/Common/HIDParser.o
                                0x5ff (size before relaxing)
 .debug_str     0x00001045       0x35 ../../../../LUFA/Drivers/USB/Core/AVR8/Device_AVR8.o
                                0x10c (size before relaxing)
 .debug_str     0x0000107a       0x3d ../../../../LUFA/Drivers/USB/Core/AVR8/EndpointStream_AVR8.o
                                0x114 (size before relaxing)
 .debug_str     0x000010b7       0x37 ../../../../LUFA/Drivers/USB/Core/AVR8/Endpoint_AVR8.o
                                0x10e (size before relaxing)
 .debug_str     0x000010ee      0x5f1 ../../../../LUFA/Drivers/USB/Core/AVR8/Host_AVR8.o
                                0xa24 (size before relaxing)
 .debug_str     0x000016df      0x26a ../../../../LUFA/Drivers/USB/Core/AVR8/PipeStream_AVR8.o
                                0x396 (size before relaxing)
 .debug_str     0x00001949      0x2af ../../../../LUFA/Drivers/USB/Core/AVR8/Pipe_AVR8.o
                                0x593 (size before relaxing)
 .debug_str     0x00001bf8      0x16d ../../../../LUFA/Drivers/USB/Core/AVR8/USBController_AVR8.o
                                0x4f0 (size before relaxing)
 .debug_str     0x00001d65       0xaf ../../../../LUFA/Drivers/USB/Core/AVR8/USBInterrupt_AVR8.o
                                0x4b2 (size before relaxing)
 .debug_str     0x00001e14      0x22e ../../../../LUFA/Drivers/USB/Core/ConfigDescriptors.o
                                0x80e (size before relaxing)
 .debug_str     0x00002042       0x36 ../../../../LUFA/Drivers/USB/Core/DeviceStandardReq.o
                                0x10d (size before relaxing)
 .debug_str     0x00002078       0x3a ../../../../LUFA/Drivers/USB/Core/Events.o
                                0x111 (size before relaxing)
 .debug_str     0x000020b2      0x2b8 ../../../../LUFA/Drivers/USB/Core/HostStandardReq.o
                                0x915 (size before relaxing)
 .debug_str     0x0000236a       0x4e ../../../../LUFA/Drivers/USB/Core/USBTask.o
                                0x1f3 (size before relaxing)
 .debug_str     0x000023b8      0x163 ../../../../LUFA/Drivers/Peripheral/AVR8/Serial_AVR8.o
                                0x28f (size before relaxing)

.debug_loc      0x00000000     0x2df8
 *(.debug_loc)
 .debug_loc     0x00000000      0x219 MIDIHost.o
 .debug_loc     0x00000219      0x1c8 ConfigDescriptor.o
 .debug_loc     0x000003e1      0x8de ../../../../LUFA/Drivers/USB/Class/Common/HIDParser.o
 .debug_loc     0x00000cbf      0x32e ../../../../LUFA/Drivers/USB/Core/AVR8/Host_AVR8.o
 .debug_loc     0x00000fed      0xfe0 ../../../../LUFA/Drivers/USB/Core/AVR8/PipeStream_AVR8.o
 .debug_loc     0x00001fcd      0x3c5 ../../../../LUFA/Drivers/USB/Core/AVR8/Pipe_AVR8.o
 .debug_loc     0x00002392      0x118 ../../../../LUFA/Drivers/USB/Core/AVR8/USBInterrupt_AVR8.o
 .debug_loc     0x000024aa      0x365 ../../../../LUFA/Drivers/USB/Core/ConfigDescriptors.o
 .debug_loc     0x0000280f      0x43b ../../../../LUFA/Drivers/USB/Core/HostStandardReq.o
 .debug_loc     0x00002c4a      0x1ae ../../../../LUFA/Drivers/Peripheral/AVR8/Serial_AVR8.o

.debug_macinfo
 *(.debug_macinfo)
OUTPUT(MIDIHost.elf elf32-avr)
LOAD linker stubs

.debug_pubtypes
                0x00000000      0x990
 .debug_pubtypes
                0x00000000       0xc6 MIDIHost.o
 .debug_pubtypes
                0x000000c6      0x16a ConfigDescriptor.o
 .debug_pubtypes
                0x00000230      0x145 ../../../../LUFA/Drivers/USB/Class/Common/HIDParser.o
 .debug_pubtypes
                0x00000375       0x12 ../../../../LUFA/Drivers/USB/Core/AVR8/Device_AVR8.o
 .debug_pubtypes
                0x00000387       0x12 ../../../../LUFA/Drivers/USB/Core/AVR8/EndpointStream_AVR8.o
 .debug_pubtypes
                0x00000399       0x12 ../../../../LUFA/Drivers/USB/Core/AVR8/Endpoint_AVR8.o
 .debug_pubtypes
                0x000003ab      0x12a ../../../../LUFA/Drivers/USB/Core/AVR8/Host_AVR8.o
 .debug_pubtypes
                0x000004d5       0x4b ../../../../LUFA/Drivers/USB/Core/AVR8/PipeStream_AVR8.o
 .debug_pubtypes
                0x00000520       0x7b ../../../../LUFA/Drivers/USB/Core/AVR8/Pipe_AVR8.o
 .debug_pubtypes
                0x0000059b       0x59 ../../../../LUFA/Drivers/USB/Core/AVR8/USBController_AVR8.o
 .debug_pubtypes
                0x000005f4       0x88 ../../../../LUFA/Drivers/USB/Core/AVR8/USBInterrupt_AVR8.o
 .debug_pubtypes
                0x0000067c      0x17e ../../../../LUFA/Drivers/USB/Core/ConfigDescriptors.o
 .debug_pubtypes
                0x000007fa       0x12 ../../../../LUFA/Drivers/USB/Core/DeviceStandardReq.o
 .debug_pubtypes
                0x0000080c       0x12 ../../../../LUFA/Drivers/USB/Core/Events.o
 .debug_pubtypes
                0x0000081e       0xec ../../../../LUFA/Drivers/USB/Core/HostStandardReq.o
 .debug_pubtypes
                0x0000090a       0x44 ../../../../LUFA/Drivers/USB/Core/USBTask.o
 .debug_pubtypes
                0x0000094e       0x42 ../../../../LUFA/Drivers/Peripheral/AVR8/Serial_AVR8.o

.debug_ranges   0x00000000      0x430
 .debug_ranges  0x00000000       0x50 MIDIHost.o
 .debug_ranges  0x00000050       0x58 ConfigDescriptor.o
 .debug_ranges  0x000000a8      0x100 ../../../../LUFA/Drivers/USB/Class/Common/HIDParser.o
 .debug_ranges  0x000001a8       0x20 ../../../../LUFA/Drivers/USB/Core/AVR8/Host_AVR8.o
 .debug_ranges  0x000001c8       0x68 ../../../../LUFA/Drivers/USB/Core/AVR8/PipeStream_AVR8.o
 .debug_ranges  0x00000230       0x78 ../../../../LUFA/Drivers/USB/Core/AVR8/Pipe_AVR8.o
 .debug_ranges  0x000002a8       0x20 ../../../../LUFA/Drivers/USB/Core/AVR8/USBController_AVR8.o
 .debug_ranges  0x000002c8       0x20 ../../../../LUFA/Drivers/USB/Core/AVR8/USBInterrupt_AVR8.o
 .debug_ranges  0x000002e8       0x30 ../../../../LUFA/Drivers/USB/Core/ConfigDescriptors.o
 .debug_ranges  0x00000318       0x10 ../../../../LUFA/Drivers/USB/Core/Events.o
 .debug_ranges  0x00000328       0x98 ../../../../LUFA/Drivers/USB/Core/HostStandardReq.o
 .debug_ranges  0x000003c0       0x10 ../../../../LUFA/Drivers/USB/Core/USBTask.o
 .debug_ranges  0x000003d0       0x60 ../../../../LUFA/Drivers/Peripheral/AVR8/Serial_AVR8.o

Cross Reference Table

Symbol                                            File
CALLBACK_HIDParser_FilterHIDReportItem            ../../../../LUFA/Drivers/USB/Class/Common/HIDParser.o
DComp_NextMIDIStreamingDataEndpoint               ConfigDescriptor.o
DComp_NextMIDIStreamingInterface                  ConfigDescriptor.o
EVENT_USB_Host_DeviceAttached                     MIDIHost.o
                                                  ../../../../LUFA/Drivers/USB/Core/AVR8/USBInterrupt_AVR8.o
EVENT_USB_Host_DeviceEnumerationComplete          MIDIHost.o
                                                  ../../../../LUFA/Drivers/USB/Core/AVR8/Host_AVR8.o
EVENT_USB_Host_DeviceEnumerationFailed            MIDIHost.o
                                                  ../../../../LUFA/Drivers/USB/Core/AVR8/USBInterrupt_AVR8.o
                                                  ../../../../LUFA/Drivers/USB/Core/AVR8/Host_AVR8.o
EVENT_USB_Host_DeviceUnattached                   MIDIHost.o
                                                  ../../../../LUFA/Drivers/USB/Core/AVR8/USBInterrupt_AVR8.o
                                                  ../../../../LUFA/Drivers/USB/Core/AVR8/Host_AVR8.o
EVENT_USB_Host_HostError                          MIDIHost.o
                                                  ../../../../LUFA/Drivers/USB/Core/AVR8/USBInterrupt_AVR8.o
EVENT_USB_Host_StartOfFrame                       ../../../../LUFA/Drivers/USB/Core/Events.o
                                                  ../../../../LUFA/Drivers/USB/Core/AVR8/USBInterrupt_AVR8.o
MIDIHost_Task                                     MIDIHost.o
Pipe_ClearPipes                                   ../../../../LUFA/Drivers/USB/Core/AVR8/Pipe_AVR8.o
                                                  ../../../../LUFA/Drivers/USB/Core/AVR8/Host_AVR8.o
Pipe_ConfigurePipe                                ../../../../LUFA/Drivers/USB/Core/AVR8/Pipe_AVR8.o
                                                  ../../../../LUFA/Drivers/USB/Core/AVR8/Host_AVR8.o
                                                  ConfigDescriptor.o
Pipe_ConfigurePipeTable                           ../../../../LUFA/Drivers/USB/Core/AVR8/Pipe_AVR8.o
Pipe_Discard_Stream                               ../../../../LUFA/Drivers/USB/Core/AVR8/PipeStream_AVR8.o
Pipe_IsEndpointBound                              ../../../../LUFA/Drivers/USB/Core/AVR8/Pipe_AVR8.o
Pipe_Null_Stream                                  ../../../../LUFA/Drivers/USB/Core/AVR8/PipeStream_AVR8.o
Pipe_Read_EStream_BE                              ../../../../LUFA/Drivers/USB/Core/AVR8/PipeStream_AVR8.o
Pipe_Read_EStream_LE                              ../../../../LUFA/Drivers/USB/Core/AVR8/PipeStream_AVR8.o
Pipe_Read_Stream_BE                               ../../../../LUFA/Drivers/USB/Core/AVR8/PipeStream_AVR8.o
Pipe_Read_Stream_LE                               ../../../../LUFA/Drivers/USB/Core/AVR8/PipeStream_AVR8.o
                                                  MIDIHost.o
Pipe_WaitUntilReady                               ../../../../LUFA/Drivers/USB/Core/AVR8/Pipe_AVR8.o
                                                  ../../../../LUFA/Drivers/USB/Core/AVR8/PipeStream_AVR8.o
Pipe_Write_EStream_BE                             ../../../../LUFA/Drivers/USB/Core/AVR8/PipeStream_AVR8.o
Pipe_Write_EStream_LE                             ../../../../LUFA/Drivers/USB/Core/AVR8/PipeStream_AVR8.o
Pipe_Write_PStream_BE                             ../../../../LUFA/Drivers/USB/Core/AVR8/PipeStream_AVR8.o
Pipe_Write_PStream_LE                             ../../../../LUFA/Drivers/USB/Core/AVR8/PipeStream_AVR8.o
Pipe_Write_Stream_BE                              ../../../../LUFA/Drivers/USB/Core/AVR8/PipeStream_AVR8.o
Pipe_Write_Stream_LE                              ../../../../LUFA/Drivers/USB/Core/AVR8/PipeStream_AVR8.o
                                                  MIDIHost.o
ProcessConfigurationDescriptor                    ConfigDescriptor.o
                                                  MIDIHost.o
Serial_CreateBlockingStream                       ../../../../LUFA/Drivers/Peripheral/AVR8/Serial_AVR8.o
Serial_CreateStream                               ../../../../LUFA/Drivers/Peripheral/AVR8/Serial_AVR8.o
                                                  MIDIHost.o
Serial_SendData                                   ../../../../LUFA/Drivers/Peripheral/AVR8/Serial_AVR8.o
Serial_SendString                                 ../../../../LUFA/Drivers/Peripheral/AVR8/Serial_AVR8.o
Serial_SendString_P                               ../../../../LUFA/Drivers/Peripheral/AVR8/Serial_AVR8.o
Serial_getchar                                    ../../../../LUFA/Drivers/Peripheral/AVR8/Serial_AVR8.o
Serial_getchar_Blocking                           ../../../../LUFA/Drivers/Peripheral/AVR8/Serial_AVR8.o
Serial_putchar                                    ../../../../LUFA/Drivers/Peripheral/AVR8/Serial_AVR8.o
SetupHardware                                     MIDIHost.o
USARTSerialStream                                 ../../../../LUFA/Drivers/Peripheral/AVR8/Serial_AVR8.o
USB_ControlRequest                                ../../../../LUFA/Drivers/USB/Core/USBTask.o
                                                  ../../../../LUFA/Drivers/USB/Core/HostStandardReq.o
                                                  ../../../../LUFA/Drivers/USB/Core/ConfigDescriptors.o
                                                  ../../../../LUFA/Drivers/USB/Core/AVR8/Host_AVR8.o
USB_Disable                                       ../../../../LUFA/Drivers/USB/Core/AVR8/USBController_AVR8.o
                                                  MIDIHost.o
USB_Event_Stub                                    ../../../../LUFA/Drivers/USB/Core/Events.o
USB_GetHIDReportItemInfo                          ../../../../LUFA/Drivers/USB/Class/Common/HIDParser.o
USB_GetHIDReportSize                              ../../../../LUFA/Drivers/USB/Class/Common/HIDParser.o
USB_GetNextDescriptorComp                         ../../../../LUFA/Drivers/USB/Core/ConfigDescriptors.o
                                                  ConfigDescriptor.o
USB_GetNextDescriptorOfType                       ../../../../LUFA/Drivers/USB/Core/ConfigDescriptors.o
USB_GetNextDescriptorOfTypeAfter                  ../../../../LUFA/Drivers/USB/Core/ConfigDescriptors.o
USB_GetNextDescriptorOfTypeBefore                 ../../../../LUFA/Drivers/USB/Core/ConfigDescriptors.o
USB_HostState                                     ../../../../LUFA/Drivers/USB/Core/USBTask.o
                                                  ../../../../LUFA/Drivers/USB/Core/HostStandardReq.o
                                                  ../../../../LUFA/Drivers/USB/Core/AVR8/USBInterrupt_AVR8.o
                                                  ../../../../LUFA/Drivers/USB/Core/AVR8/USBController_AVR8.o
                                                  ../../../../LUFA/Drivers/USB/Core/AVR8/Pipe_AVR8.o
                                                  ../../../../LUFA/Drivers/USB/Core/AVR8/Host_AVR8.o
                                                  MIDIHost.o
USB_Host_ClearEndpointStall                       ../../../../LUFA/Drivers/USB/Core/HostStandardReq.o
USB_Host_ConfigurationNumber                      ../../../../LUFA/Drivers/USB/Core/HostStandardReq.o
                                                  ../../../../LUFA/Drivers/USB/Core/AVR8/USBController_AVR8.o
                                                  ../../../../LUFA/Drivers/USB/Core/AVR8/Host_AVR8.o
USB_Host_ControlPipeSize                          ../../../../LUFA/Drivers/USB/Core/AVR8/Pipe_AVR8.o
                                                  ../../../../LUFA/Drivers/USB/Core/HostStandardReq.o
                                                  ../../../../LUFA/Drivers/USB/Core/AVR8/USBController_AVR8.o
                                                  ../../../../LUFA/Drivers/USB/Core/AVR8/Host_AVR8.o
USB_Host_GetDescriptor                            ../../../../LUFA/Drivers/USB/Core/HostStandardReq.o
USB_Host_GetDeviceConfigDescriptor                ../../../../LUFA/Drivers/USB/Core/ConfigDescriptors.o
                                                  ConfigDescriptor.o
USB_Host_GetDeviceConfiguration                   ../../../../LUFA/Drivers/USB/Core/HostStandardReq.o
USB_Host_GetDeviceStatus                          ../../../../LUFA/Drivers/USB/Core/HostStandardReq.o
USB_Host_GetInterfaceAltSetting                   ../../../../LUFA/Drivers/USB/Core/HostStandardReq.o
USB_Host_ProcessNextHostState                     ../../../../LUFA/Drivers/USB/Core/AVR8/Host_AVR8.o
                                                  ../../../../LUFA/Drivers/USB/Core/USBTask.o
USB_Host_SendControlRequest                       ../../../../LUFA/Drivers/USB/Core/HostStandardReq.o
                                                  ../../../../LUFA/Drivers/USB/Core/ConfigDescriptors.o
                                                  ../../../../LUFA/Drivers/USB/Core/AVR8/Host_AVR8.o
USB_Host_SetDeviceConfiguration                   ../../../../LUFA/Drivers/USB/Core/HostStandardReq.o
                                                  MIDIHost.o
USB_Host_SetInterfaceAltSetting                   ../../../../LUFA/Drivers/USB/Core/HostStandardReq.o
USB_Host_WaitMS                                   ../../../../LUFA/Drivers/USB/Core/AVR8/Host_AVR8.o
                                                  ../../../../LUFA/Drivers/USB/Core/HostStandardReq.o
USB_INT_ClearAllInterrupts                        ../../../../LUFA/Drivers/USB/Core/AVR8/USBInterrupt_AVR8.o
                                                  ../../../../LUFA/Drivers/USB/Core/AVR8/USBController_AVR8.o
USB_INT_DisableAllInterrupts                      ../../../../LUFA/Drivers/USB/Core/AVR8/USBInterrupt_AVR8.o
                                                  ../../../../LUFA/Drivers/USB/Core/AVR8/USBController_AVR8.o
USB_Init                                          ../../../../LUFA/Drivers/USB/Core/AVR8/USBController_AVR8.o
                                                  MIDIHost.o
USB_IsInitialized                                 ../../../../LUFA/Drivers/USB/Core/USBTask.o
                                                  ../../../../LUFA/Drivers/USB/Core/AVR8/USBController_AVR8.o
USB_ProcessHIDReport                              ../../../../LUFA/Drivers/USB/Class/Common/HIDParser.o
USB_ResetInterface                                ../../../../LUFA/Drivers/USB/Core/AVR8/USBController_AVR8.o
                                                  ../../../../LUFA/Drivers/USB/Core/AVR8/USBInterrupt_AVR8.o
                                                  ../../../../LUFA/Drivers/USB/Core/AVR8/Host_AVR8.o
USB_SetHIDReportItemInfo                          ../../../../LUFA/Drivers/USB/Class/Common/HIDParser.o
USB_USBTask                                       ../../../../LUFA/Drivers/USB/Core/USBTask.o
                                                  ../../../../LUFA/Drivers/USB/Core/AVR8/PipeStream_AVR8.o
                                                  MIDIHost.o
__bad_interrupt                                   /usr/lib/gcc/avr/4.5.3/../../../avr/lib/avr51/crtusb1286.o
__bss_end                                         /usr/lib/gcc/avr/4.5.3/avr51/libgcc.a(_clear_bss.o)
__bss_start                                       /usr/lib/gcc/avr/4.5.3/avr51/libgcc.a(_clear_bss.o)
__data_end                                        /usr/lib/gcc/avr/4.5.3/avr51/libgcc.a(_copy_data.o)
__data_load_start                                 /usr/lib/gcc/avr/4.5.3/avr51/libgcc.a(_copy_data.o)
__data_start                                      /usr/lib/gcc/avr/4.5.3/avr51/libgcc.a(_copy_data.o)
__do_clear_bss                                    /usr/lib/gcc/avr/4.5.3/avr51/libgcc.a(_clear_bss.o)
                                                  /usr/lib/gcc/avr/4.5.3/../../../avr/lib/avr51/libc.a(iob.o)
                                                  ../../../../LUFA/Drivers/Peripheral/AVR8/Serial_AVR8.o
                                                  ../../../../LUFA/Drivers/USB/Core/USBTask.o
                                                  ../../../../LUFA/Drivers/USB/Core/HostStandardReq.o
                                                  ../../../../LUFA/Drivers/USB/Core/AVR8/Host_AVR8.o
                                                  MIDIHost.o
__do_copy_data                                    /usr/lib/gcc/avr/4.5.3/avr51/libgcc.a(_copy_data.o)
                                                  ../../../../LUFA/Drivers/USB/Core/HostStandardReq.o
                                                  ../../../../LUFA/Drivers/USB/Core/AVR8/Pipe_AVR8.o
                                                  ../../../../LUFA/Drivers/USB/Core/AVR8/Host_AVR8.o
                                                  MIDIHost.o
__eerd_byte_usb1287                               /usr/lib/gcc/avr/4.5.3/../../../avr/lib/avr51/libc.a(eerd_byte_at90usb1287.o)
                                                  ../../../../LUFA/Drivers/USB/Core/AVR8/PipeStream_AVR8.o
__eeupd_byte_usb1287                              /usr/lib/gcc/avr/4.5.3/../../../avr/lib/avr51/libc.a(eeupd_byte_at90usb1287.o)
                                                  ../../../../LUFA/Drivers/USB/Core/AVR8/PipeStream_AVR8.o
__eeupd_r18_usb1287                               /usr/lib/gcc/avr/4.5.3/../../../avr/lib/avr51/libc.a(eeupd_byte_at90usb1287.o)
__heap_end                                        /usr/lib/gcc/avr/4.5.3/../../../avr/lib/avr51/crtusb1286.o
__init                                            /usr/lib/gcc/avr/4.5.3/../../../avr/lib/avr51/crtusb1286.o
__iob                                             /usr/lib/gcc/avr/4.5.3/../../../avr/lib/avr51/libc.a(puts_p.o)
                                                  /usr/lib/gcc/avr/4.5.3/../../../avr/lib/avr51/libc.a(printf_p.o)
                                                  /usr/lib/gcc/avr/4.5.3/../../../avr/lib/avr51/libc.a(iob.o)
                                                  ../../../../LUFA/Drivers/Peripheral/AVR8/Serial_AVR8.o
__stack                                           /usr/lib/gcc/avr/4.5.3/../../../avr/lib/avr51/crtusb1286.o
__ultoa_invert                                    /usr/lib/gcc/avr/4.5.3/../../../avr/lib/avr51/libc.a(ultoa_invert.o)
                                                  /usr/lib/gcc/avr/4.5.3/../../../avr/lib/avr51/libc.a(vfprintf_std.o)
__vector_1                                        /usr/lib/gcc/avr/4.5.3/../../../avr/lib/avr51/crtusb1286.o
__vector_10                                       ../../../../LUFA/Drivers/USB/Core/AVR8/USBInterrupt_AVR8.o
                                                  /usr/lib/gcc/avr/4.5.3/../../../avr/lib/avr51/crtusb1286.o
__vector_11                                       /usr/lib/gcc/avr/4.5.3/../../../avr/lib/avr51/crtusb1286.o
__vector_12                                       /usr/lib/gcc/avr/4.5.3/../../../avr/lib/avr51/crtusb1286.o
__vector_13                                       /usr/lib/gcc/avr/4.5.3/../../../avr/lib/avr51/crtusb1286.o
__vector_14                                       /usr/lib/gcc/avr/4.5.3/../../../avr/lib/avr51/crtusb1286.o
__vector_15                                       /usr/lib/gcc/avr/4.5.3/../../../avr/lib/avr51/crtusb1286.o
__vector_16                                       /usr/lib/gcc/avr/4.5.3/../../../avr/lib/avr51/crtusb1286.o
__vector_17                                       /usr/lib/gcc/avr/4.5.3/../../../avr/lib/avr51/crtusb1286.o
__vector_18                                       /usr/lib/gcc/avr/4.5.3/../../../avr/lib/avr51/crtusb1286.o
__vector_19                                       /usr/lib/gcc/avr/4.5.3/../../../avr/lib/avr51/crtusb1286.o
__vector_2                                        /usr/lib/gcc/avr/4.5.3/../../../avr/lib/avr51/crtusb1286.o
__vector_20                                       /usr/lib/gcc/avr/4.5.3/../../../avr/lib/avr51/crtusb1286.o
__vector_21                                       /usr/lib/gcc/avr/4.5.3/../../../avr/lib/avr51/crtusb1286.o
__vector_22                                       /usr/lib/gcc/avr/4.5.3/../../../avr/lib/avr51/crtusb1286.o
__vector_23                                       /usr/lib/gcc/avr/4.5.3/../../../avr/lib/avr51/crtusb1286.o
__vector_24                                       /usr/lib/gcc/avr/4.5.3/../../../avr/lib/avr51/crtusb1286.o
__vector_25                                       /usr/lib/gcc/avr/4.5.3/../../../avr/lib/avr51/crtusb1286.o
__vector_26                                       /usr/lib/gcc/avr/4.5.3/../../../avr/lib/avr51/crtusb1286.o
__vector_27                                       /usr/lib/gcc/avr/4.5.3/../../../avr/lib/avr51/crtusb1286.o
__vector_28                                       /usr/lib/gcc/avr/4.5.3/../../../avr/lib/avr51/crtusb1286.o
__vector_29                                       /usr/lib/gcc/avr/4.5.3/../../../avr/lib/avr51/crtusb1286.o
__vector_3                                        /usr/lib/gcc/avr/4.5.3/../../../avr/lib/avr51/crtusb1286.o
__vector_30                                       /usr/lib/gcc/avr/4.5.3/../../../avr/lib/avr51/crtusb1286.o
__vector_31                                       /usr/lib/gcc/avr/4.5.3/../../../avr/lib/avr51/crtusb1286.o
__vector_32                                       /usr/lib/gcc/avr/4.5.3/../../../avr/lib/avr51/crtusb1286.o
__vector_33                                       /usr/lib/gcc/avr/4.5.3/../../../avr/lib/avr51/crtusb1286.o
__vector_34                                       /usr/lib/gcc/avr/4.5.3/../../../avr/lib/avr51/crtusb1286.o
__vector_35                                       /usr/lib/gcc/avr/4.5.3/../../../avr/lib/avr51/crtusb1286.o
__vector_36                                       /usr/lib/gcc/avr/4.5.3/../../../avr/lib/avr51/crtusb1286.o
__vector_37                                       /usr/lib/gcc/avr/4.5.3/../../../avr/lib/avr51/crtusb1286.o
__vector_4                                        /usr/lib/gcc/avr/4.5.3/../../../avr/lib/avr51/crtusb1286.o
__vector_5                                        /usr/lib/gcc/avr/4.5.3/../../../avr/lib/avr51/crtusb1286.o
__vector_6                                        /usr/lib/gcc/avr/4.5.3/../../../avr/lib/avr51/crtusb1286.o
__vector_7                                        /usr/lib/gcc/avr/4.5.3/../../../avr/lib/avr51/crtusb1286.o
__vector_8                                        /usr/lib/gcc/avr/4.5.3/../../../avr/lib/avr51/crtusb1286.o
__vector_9                                        /usr/lib/gcc/avr/4.5.3/../../../avr/lib/avr51/crtusb1286.o
__vector_default                                  /usr/lib/gcc/avr/4.5.3/../../../avr/lib/avr51/crtusb1286.o
__vectors                                         /usr/lib/gcc/avr/4.5.3/../../../avr/lib/avr51/crtusb1286.o
_exit                                             /usr/lib/gcc/avr/4.5.3/avr51/libgcc.a(_exit.o)
exit                                              /usr/lib/gcc/avr/4.5.3/avr51/libgcc.a(_exit.o)
                                                  /usr/lib/gcc/avr/4.5.3/../../../avr/lib/avr51/crtusb1286.o
fputc                                             /usr/lib/gcc/avr/4.5.3/../../../avr/lib/avr51/libc.a(fputc.o)
                                                  /usr/lib/gcc/avr/4.5.3/../../../avr/lib/avr51/libc.a(vfprintf_std.o)
main                                              MIDIHost.o
                                                  /usr/lib/gcc/avr/4.5.3/../../../avr/lib/avr51/crtusb1286.o
printf_P                                          /usr/lib/gcc/avr/4.5.3/../../../avr/lib/avr51/libc.a(printf_p.o)
                                                  MIDIHost.o
puts_P                                            /usr/lib/gcc/avr/4.5.3/../../../avr/lib/avr51/libc.a(puts_p.o)
                                                  MIDIHost.o
strnlen                                           /usr/lib/gcc/avr/4.5.3/../../../avr/lib/avr51/libc.a(strnlen.o)
                                                  /usr/lib/gcc/avr/4.5.3/../../../avr/lib/avr51/libc.a(vfprintf_std.o)
strnlen_P                                         /usr/lib/gcc/avr/4.5.3/../../../avr/lib/avr51/libc.a(strnlen_P.o)
                                                  /usr/lib/gcc/avr/4.5.3/../../../avr/lib/avr51/libc.a(vfprintf_std.o)
vfprintf                                          /usr/lib/gcc/avr/4.5.3/../../../avr/lib/avr51/libc.a(vfprintf_std.o)
                                                  /usr/lib/gcc/avr/4.5.3/../../../avr/lib/avr51/libc.a(printf_p.o)
